Archive member included to satisfy reference by file (symbol)

/opt/devkitpro/libctru/lib/libctru.a(console.o)
                              main.o (consoleInit)
/opt/devkitpro/libctru/lib/libctru.a(gfx.o)
                              /opt/devkitpro/libctru/lib/libctru.a(console.o) (gfxIsWide)
/opt/devkitpro/libctru/lib/libctru.a(ir.o)
                              irc_wrapper.o (iruInit)
/opt/devkitpro/libctru/lib/libctru.a(gspgpu.o)
                              /opt/devkitpro/libctru/lib/libctru.a(gfx.o) (gspInit)
/opt/devkitpro/libctru/lib/libctru.a(apt.o)
                              main.o (aptMainLoop)
/opt/devkitpro/libctru/lib/libctru.a(hid.o)
                              main.o (hidScanInput)
/opt/devkitpro/libctru/lib/libctru.a(ctru_init.o)
                              /opt/devkitpro/libctru/lib/libctru.a(apt.o) (__system_retAddr)
/opt/devkitpro/libctru/lib/libctru.a(initArgv.o)
                              /opt/devkitpro/libctru/lib/libctru.a(ctru_init.o) (__system_initArgv)
/opt/devkitpro/libctru/lib/libctru.a(svc.o)
                              /opt/devkitpro/libctru/lib/libctru.a(apt.o) (svcSleepThread)
/opt/devkitpro/libctru/lib/libctru.a(stack_adjust.o)
                              /opt/devkitpro/devkitARM/bin/../lib/gcc/arm-none-eabi/12.2.0/../../../../arm-none-eabi/lib/armv6k/fpu/3dsx_crt0.o (initSystem)
/opt/devkitpro/libctru/lib/libctru.a(default_font.bin.o)
                              /opt/devkitpro/libctru/lib/libctru.a(console.o) (default_font_bin)
/opt/devkitpro/libctru/lib/libctru.a(vram.o)
                              /opt/devkitpro/libctru/lib/libctru.a(gfx.o) (vramAlloc)
/opt/devkitpro/libctru/lib/libctru.a(linear.o)
                              /opt/devkitpro/libctru/lib/libctru.a(gfx.o) (linearAlloc)
/opt/devkitpro/libctru/lib/libctru.a(mem_pool.o)
                              /opt/devkitpro/libctru/lib/libctru.a(vram.o) (MemPool::Allocate(MemChunk&, unsigned long, int))
/opt/devkitpro/libctru/lib/libctru.a(synchronization.o)
                              /opt/devkitpro/libctru/lib/libctru.a(ctru_init.o) (__sync_init)
/opt/devkitpro/libctru/lib/libctru.a(os.o)
                              /opt/devkitpro/libctru/lib/libctru.a(apt.o) (__ctru_speedup_config)
/opt/devkitpro/libctru/lib/libctru.a(3dslink.o)
                              /opt/devkitpro/libctru/lib/libctru.a(initArgv.o) (__3dslink_host)
/opt/devkitpro/libctru/lib/libctru.a(srv.o)
                              /opt/devkitpro/libctru/lib/libctru.a(apt.o) (srvInit)
/opt/devkitpro/libctru/lib/libctru.a(thread.o)
                              /opt/devkitpro/libctru/lib/libctru.a(gspgpu.o) (threadCreate)
/opt/devkitpro/libctru/lib/libctru.a(mappable.o)
                              /opt/devkitpro/libctru/lib/libctru.a(gspgpu.o) (mappableAlloc)
/opt/devkitpro/libctru/lib/libctru.a(irrst.o)
                              /opt/devkitpro/libctru/lib/libctru.a(hid.o) (irrstInit)
/opt/devkitpro/libctru/lib/libctru.a(srvpm.o)
                              /opt/devkitpro/libctru/lib/libctru.a(srv.o) (srvPmGetSessionHandle)
/opt/devkitpro/libctru/lib/libctru.a(ptmsysm.o)
                              /opt/devkitpro/libctru/lib/libctru.a(os.o) (ptmSysmInit)
/opt/devkitpro/libctru/lib/libctru.a(soc_socket.o)
                              /opt/devkitpro/libctru/lib/libctru.a(3dslink.o) (socket)
/opt/devkitpro/libctru/lib/libctru.a(soc_connect.o)
                              /opt/devkitpro/libctru/lib/libctru.a(3dslink.o) (connect)
/opt/devkitpro/libctru/lib/libctru.a(soc_common.o)
                              /opt/devkitpro/libctru/lib/libctru.a(soc_socket.o) (_net_convert_error)
/opt/devkitpro/libctru/lib/libctru.a(rbtree_init.o)
                              /opt/devkitpro/libctru/lib/libctru.a(vram.o) (rbtree_init)
/opt/devkitpro/libctru/lib/libctru.a(rbtree_insert.o)
                              /opt/devkitpro/libctru/lib/libctru.a(vram.o) (rbtree_insert)
/opt/devkitpro/libctru/lib/libctru.a(rbtree_rotate.o)
                              /opt/devkitpro/libctru/lib/libctru.a(rbtree_insert.o) (rbtree_rotate)
/opt/devkitpro/libctru/lib/libctru.a(rbtree_remove.o)
                              /opt/devkitpro/libctru/lib/libctru.a(vram.o) (rbtree_remove)
/opt/devkitpro/libctru/lib/libctru.a(rbtree_find.o)
                              /opt/devkitpro/libctru/lib/libctru.a(vram.o) (rbtree_find)
/opt/devkitpro/libctru/lib/libctru.a(appInit.o)
                              /opt/devkitpro/libctru/lib/libctru.a(stack_adjust.o) (__appInit)
/opt/devkitpro/libctru/lib/libctru.a(syscalls.o)
                              /opt/devkitpro/libctru/lib/libctru.a(thread.o) (initThreadVars)
/opt/devkitpro/libctru/lib/libctru.a(allocateHeaps.o)
                              /opt/devkitpro/libctru/lib/libctru.a(ctru_init.o) (__system_allocateHeaps)
/opt/devkitpro/libctru/lib/libctru.a(appExit.o)
                              /opt/devkitpro/libctru/lib/libctru.a(stack_adjust.o) (__appExit)
/opt/devkitpro/libctru/lib/libctru.a(ctru_exit.o)
[...]
Memory Configuration

Name             Origin             Length             Attributes
*default*        0x0000000000000000 0xffffffffffffffff

Linker script and memory map

                0x0000000000100000                PROVIDE (__start__ = 0x100000)
                0x0000000000100000                . = __start__

.text           0x0000000000100000    0x212d0
 *(.crt0)
 .crt0          0x0000000000100000       0x94 /opt/devkitpro/devkitARM/bin/../lib/gcc/arm-none-eabi/12.2.0/../../../../arm-none-eabi/lib/armv6k/fpu/3dsx_crt0.o
                0x0000000000100000                _start
                0x0000000000100008                __service_ptr
                0x000000000010000c                __apt_appid
                0x0000000000100010                __heap_size
                0x0000000000100014                __linear_heap_size
                0x0000000000100018                __system_arglist
                0x000000000010001c                __system_runflags
 *(.init)
 .init          0x0000000000100094        0xc /opt/devkitpro/devkitARM/bin/../lib/gcc/arm-none-eabi/12.2.0/armv6k/fpu/crti.o
                0x0000000000100094                _init
 .init          0x00000000001000a0        0xc /opt/devkitpro/devkitARM/bin/../lib/gcc/arm-none-eabi/12.2.0/armv6k/fpu/crtn.o
                0x00000000001000ac                . = ALIGN (0x4)
 *(.text)
 .text          0x00000000001000ac      0x240 /opt/devkitpro/devkitARM/bin/../lib/gcc/arm-none-eabi/12.2.0/armv6k/fpu/libgcc.a(_divsi3.o)
                0x00000000001000ac                __aeabi_idiv
                0x00000000001000ac                __divsi3
                0x00000000001002cc                __aeabi_idivmod
 .text          0x00000000001002ec        0x4 /opt/devkitpro/devkitARM/bin/../lib/gcc/arm-none-eabi/12.2.0/armv6k/fpu/libgcc.a(_dvmd_tls.o)
                0x00000000001002ec                __aeabi_ldiv0
                0x00000000001002ec                __aeabi_idiv0
 .text          0x00000000001002f0       0x3c /opt/devkitpro/devkitARM/bin/../lib/gcc/arm-none-eabi/12.2.0/armv6k/fpu/libgcc.a(_aeabi_uldivmod.o)
                0x00000000001002f0                __aeabi_uldivmod
 *fill*         0x000000000010032c       0x14 
 .text          0x0000000000100340      0x390 /opt/devkitpro/devkitARM/bin/../lib/gcc/arm-none-eabi/12.2.0/../../../../arm-none-eabi/lib/armv6k/fpu/libg.a(lib_a-strcmp.o)
                0x0000000000100348                strcmp
 .text          0x00000000001006d0      0x20c /opt/devkitpro/devkitARM/bin/../lib/gcc/arm-none-eabi/12.2.0/armv6k/fpu/libgcc.a(_udivsi3.o)
                0x00000000001006d0                __udivsi3
                0x00000000001006d0                __aeabi_uidiv
                0x00000000001008bc                __aeabi_uidivmod
 .text          0x00000000001008dc      0x3c0 /opt/devkitpro/devkitARM/bin/../lib/gcc/arm-none-eabi/12.2.0/armv6k/fpu/libgcc.a(_arm_addsubdf3.o)
                0x00000000001008dc                __aeabi_drsub
                0x00000000001008e4                __subdf3
                0x00000000001008e4                __aeabi_dsub
                0x00000000001008e8                __aeabi_dadd
                0x00000000001008e8                __adddf3
                0x0000000000100b94                __aeabi_ui2d
                0x0000000000100b94                __floatunsidf
                0x0000000000100bb8                __floatsidf
                0x0000000000100bb8                __aeabi_i2d
                0x0000000000100be0                __extendsfdf2
                0x0000000000100be0                __aeabi_f2d
                0x0000000000100c28                __aeabi_ul2d
                0x0000000000100c28                __floatundidf
                0x0000000000100c3c                __aeabi_l2d
                0x0000000000100c3c                __floatdidf
 *(.text.*)
 .text.__do_global_dtors_aux
                0x0000000000100c9c       0x40 /opt/devkitpro/devkitARM/bin/../lib/gcc/arm-none-eabi/12.2.0/armv6k/fpu/crtbegin.o
 .text.frame_dummy
                0x0000000000100cdc       0x2c /opt/devkitpro/devkitARM/bin/../lib/gcc/arm-none-eabi/12.2.0/armv6k/fpu/crtbegin.o
 .text.IRCInit  0x0000000000100d08       0xa4 irc_wrapper.o
                0x0000000000100d08                IRCInit
 .text.IRCShutdown
                0x0000000000100dac       0x20 irc_wrapper.o
                0x0000000000100dac                IRCShutdown
 .text.IRCReceive
                0x0000000000100dcc       0x90 irc_wrapper.o
                0x0000000000100dcc                IRCReceive
 .text.startup.main
                0x0000000000100e5c       0xf0 main.o
                0x0000000000100e5c                main
 .text.parseColor
                0x0000000000100f4c      0x1e8 /opt/devkitpro/libctru/lib/libctru.a(console.o)
 .text.consoleDrawChar
                0x0000000000101134      0x1ac /opt/devkitpro/libctru/lib/libctru.a(console.o)
                0x0000000000101134                consoleDrawChar
 .text.consolePrintChar
                0x00000000001012e0      0x124 /opt/devkitpro/libctru/lib/libctru.a(console.o)
                0x00000000001012e0                consolePrintChar
 .text.con_write
                0x0000000000101404      0xb94 /opt/devkitpro/libctru/lib/libctru.a(console.o)
                0x0000000000101404                con_write
 .text.newRow   0x0000000000101f98       0xfc /opt/devkitpro/libctru/lib/libctru.a(console.o)
 .text.consoleInit
                0x0000000000102094      0x168 /opt/devkitpro/libctru/lib/libctru.a(console.o)
                0x0000000000102094                consoleInit
 .text.gfxPresentFramebuffer
                0x00000000001021fc       0xd0 /opt/devkitpro/libctru/lib/libctru.a(gfx.o)
 .text.gfxIsWide
                0x00000000001022cc       0x1c /opt/devkitpro/libctru/lib/libctru.a(gfx.o)
                0x00000000001022cc                gfxIsWide
 .text.gfxSetScreenFormat
                0x00000000001022e8       0xec /opt/devkitpro/libctru/lib/libctru.a(gfx.o)
                0x00000000001022e8                gfxSetScreenFormat
 .text.gfxSetDoubleBuffering
                0x00000000001023d4       0x10 /opt/devkitpro/libctru/lib/libctru.a(gfx.o)
                0x00000000001023d4                gfxSetDoubleBuffering
 .text.gfxInit  0x00000000001023e4       0xe0 /opt/devkitpro/libctru/lib/libctru.a(gfx.o)
                0x00000000001023e4                gfxInit
 .text.gfxInitDefault
                0x00000000001024c4       0x10 /opt/devkitpro/libctru/lib/libctru.a(gfx.o)
                0x00000000001024c4                gfxInitDefault
 .text.gfxExit  0x00000000001024d4       0xb4 /opt/devkitpro/libctru/lib/libctru.a(gfx.o)
                0x00000000001024d4                gfxExit
 .text.gfxGetFramebuffer
                0x0000000000102588       0xa0 /opt/devkitpro/libctru/lib/libctru.a(gfx.o)
                0x0000000000102588                gfxGetFramebuffer
 .text.gfxFlushBuffers
                0x0000000000102628      0x104 /opt/devkitpro/libctru/lib/libctru.a(gfx.o)
                0x0000000000102628                gfxFlushBuffers
 .text.gfxSwapBuffers
                0x000000000010272c       0x50 /opt/devkitpro/libctru/lib/libctru.a(gfx.o)
                0x000000000010272c                gfxSwapBuffers
 .text.gfxSwapBuffersGpu
                0x000000000010277c       0x50 /opt/devkitpro/libctru/lib/libctru.a(gfx.o)
                0x000000000010277c                gfxSwapBuffersGpu
 .text.iruInit  0x00000000001027cc      0x114 /opt/devkitpro/libctru/lib/libctru.a(ir.o)
                0x00000000001027cc                iruInit
 .text.iruExit  0x00000000001028e0       0x70 /opt/devkitpro/libctru/lib/libctru.a(ir.o)
                0x00000000001028e0                iruExit
 .text.IRU_StartRecvTransfer
                0x0000000000102950       0x64 /opt/devkitpro/libctru/lib/libctru.a(ir.o)
                0x0000000000102950                IRU_StartRecvTransfer
 .text.IRU_WaitRecvTransfer
                0x00000000001029b4       0x38 /opt/devkitpro/libctru/lib/libctru.a(ir.o)
                0x00000000001029b4                IRU_WaitRecvTransfer
 .text.IRU_SetBitRate
                0x00000000001029ec       0x34 /opt/devkitpro/libctru/lib/libctru.a(ir.o)
                0x00000000001029ec                IRU_SetBitRate
 .text.IRU_GetRecvFinishedEvent
                0x0000000000102a20       0x38 /opt/devkitpro/libctru/lib/libctru.a(ir.o)
                0x0000000000102a20                IRU_GetRecvFinishedEvent
 .text.gspHardwareInit
                0x0000000000102a58      0xc58 /opt/devkitpro/libctru/lib/libctru.a(gspgpu.o)
 .text.gspInit  0x00000000001036b0      0x248 /opt/devkitpro/libctru/lib/libctru.a(gspgpu.o)
                0x00000000001036b0                gspInit
 .text.gspExit  0x00000000001038f8       0xf0 /opt/devkitpro/libctru/lib/libctru.a(gspgpu.o)
                0x00000000001038f8                gspExit
 .text.gspHasGpuRight
                0x00000000001039e8       0x10 /opt/devkitpro/libctru/lib/libctru.a(gspgpu.o)
                0x00000000001039e8                gspHasGpuRight
 .text.gspPresentBuffer
                0x00000000001039f8       0xa0 /opt/devkitpro/libctru/lib/libctru.a(gspgpu.o)
                0x00000000001039f8                gspPresentBuffer
 .text.gspWaitForEvent
                0x0000000000103a98       0x44 /opt/devkitpro/libctru/lib/libctru.a(gspgpu.o)
                0x0000000000103a98                gspWaitForEvent
 .text.gxCmdQueueInterrupt
                0x0000000000103adc        0x4 /opt/devkitpro/libctru/lib/libctru.a(gspgpu.o)
                0x0000000000103adc                gxCmdQueueInterrupt
 .text.gspEventThreadMain
                0x0000000000103ae0      0x158 /opt/devkitpro/libctru/lib/libctru.a(gspgpu.o)
 .text.GSPGPU_FlushDataCache
                0x0000000000103c38       0x50 /opt/devkitpro/libctru/lib/libctru.a(gspgpu.o)
                0x0000000000103c38                GSPGPU_FlushDataCache
 .text.GSPGPU_SetLcdForceBlack
                0x0000000000103c88       0x34 /opt/devkitpro/libctru/lib/libctru.a(gspgpu.o)
                0x0000000000103c88                GSPGPU_SetLcdForceBlack
 .text.GSPGPU_AcquireRight
                0x0000000000103cbc       0x68 /opt/devkitpro/libctru/lib/libctru.a(gspgpu.o)
                0x0000000000103cbc                GSPGPU_AcquireRight
 .text.GSPGPU_ReleaseRight
                0x0000000000103d24       0x48 /opt/devkitpro/libctru/lib/libctru.a(gspgpu.o)
                0x0000000000103d24                GSPGPU_ReleaseRight
 .text.GSPGPU_ImportDisplayCaptureInfo
                0x0000000000103d6c       0x7c /opt/devkitpro/libctru/lib/libctru.a(gspgpu.o)
                0x0000000000103d6c                GSPGPU_ImportDisplayCaptureInfo
 .text.GSPGPU_SaveVramSysArea
                0x0000000000103de8       0x2c /opt/devkitpro/libctru/lib/libctru.a(gspgpu.o)
                0x0000000000103de8                GSPGPU_SaveVramSysArea
 .text.GSPGPU_RestoreVramSysArea
                0x0000000000103e14       0x2c /opt/devkitpro/libctru/lib/libctru.a(gspgpu.o)
                0x0000000000103e14                GSPGPU_RestoreVramSysArea
 .text.aptConvertScreenForCapture
                0x0000000000103e40      0x1a4 /opt/devkitpro/libctru/lib/libctru.a(apt.o)
 .text.aptDspSleep
                0x0000000000103fe4        0x8 /opt/devkitpro/libctru/lib/libctru.a(apt.o)
                0x0000000000103fe4                aptDspSleep
 .text.aptDspWakeup
                0x0000000000103fec        0x4 /opt/devkitpro/libctru/lib/libctru.a(apt.o)
                0x0000000000103fec                aptDspWakeup
 .text.aptDspCancel
                0x0000000000103ff0        0x4 /opt/devkitpro/libctru/lib/libctru.a(apt.o)
                0x0000000000103ff0                aptDspCancel
 .text.aptSendCommand
                0x0000000000103ff4      0x158 /opt/devkitpro/libctru/lib/libctru.a(apt.o)
                0x0000000000103ff4                aptSendCommand
 *fill*         0x000000000010414c        0x4 
 .text.aptExitProcess
                0x0000000000104150       0x44 /opt/devkitpro/libctru/lib/libctru.a(apt.o)
 .text.aptExit  0x0000000000104194      0x3b0 /opt/devkitpro/libctru/lib/libctru.a(apt.o)
                0x0000000000104194                aptExit
 .text.aptHandleSleep
                0x0000000000104544       0xe0 /opt/devkitpro/libctru/lib/libctru.a(apt.o)
                0x0000000000104544                aptHandleSleep
 .text.APT_SleepIfShellClosed
                0x0000000000104624       0x84 /opt/devkitpro/libctru/lib/libctru.a(apt.o)
                0x0000000000104624                APT_SleepIfShellClosed
 .text.aptSetSleepAllowed
                0x00000000001046a8       0x84 /opt/devkitpro/libctru/lib/libctru.a(apt.o)
                0x00000000001046a8                aptSetSleepAllowed
 .text.APT_UnlockTransition
                0x000000000010472c       0x84 /opt/devkitpro/libctru/lib/libctru.a(apt.o)
                0x000000000010472c                APT_UnlockTransition
 .text.aptEventHandler
                0x00000000001047b0      0x4a4 /opt/devkitpro/libctru/lib/libctru.a(apt.o)
 .text.APT_ReceiveParameter
                0x0000000000104c54       0xb0 /opt/devkitpro/libctru/lib/libctru.a(apt.o)
                0x0000000000104c54                APT_ReceiveParameter
 .text.aptReceiveParameter.constprop.0
                0x0000000000104d04       0xb0 /opt/devkitpro/libctru/lib/libctru.a(apt.o)
 *fill*         0x0000000000104db4        0x4 
 .text.aptScreenTransfer
                0x0000000000104db8      0x2ac /opt/devkitpro/libctru/lib/libctru.a(apt.o)
 .text.aptWaitForWakeUp.isra.0
                0x0000000000105064      0x344 /opt/devkitpro/libctru/lib/libctru.a(apt.o)
 .text.aptJumpToHomeMenu
                0x00000000001053a8      0x100 /opt/devkitpro/libctru/lib/libctru.a(apt.o)
                0x00000000001053a8                aptJumpToHomeMenu
 .text.aptMainLoop
                0x00000000001054a8       0x48 /opt/devkitpro/libctru/lib/libctru.a(apt.o)
                0x00000000001054a8                aptMainLoop
 .text.aptInit  0x00000000001054f0      0x22c /opt/devkitpro/libctru/lib/libctru.a(apt.o)
                0x00000000001054f0                aptInit
 .text.APT_CheckNew3DS
                0x000000000010571c       0x7c /opt/devkitpro/libctru/lib/libctru.a(apt.o)
                0x000000000010571c                APT_CheckNew3DS
 .text.hidShouldUseIrrst
                0x0000000000105798       0x24 /opt/devkitpro/libctru/lib/libctru.a(hid.o)
                0x0000000000105798                hidShouldUseIrrst
 .text.hidInit  0x00000000001057bc      0x18c /opt/devkitpro/libctru/lib/libctru.a(hid.o)
                0x00000000001057bc                hidInit
 .text.hidExit  0x0000000000105948       0xe8 /opt/devkitpro/libctru/lib/libctru.a(hid.o)
                0x0000000000105948                hidExit
 .text.hidScanInput
                0x0000000000105a30      0x2a4 /opt/devkitpro/libctru/lib/libctru.a(hid.o)
                0x0000000000105a30                hidScanInput
 .text.hidKeysDown
                0x0000000000105cd4       0x10 /opt/devkitpro/libctru/lib/libctru.a(hid.o)
                0x0000000000105cd4                hidKeysDown
 .text.__libctru_init
                0x0000000000105ce4       0x38 /opt/devkitpro/libctru/lib/libctru.a(ctru_init.o)
                0x0000000000105ce4                __libctru_init
 .text.__system_initArgv
                0x0000000000105d1c      0x170 /opt/devkitpro/libctru/lib/libctru.a(initArgv.o)
                0x0000000000105d1c                __system_initArgv
 .text.svcControlMemory
                0x0000000000105e8c       0x20 /opt/devkitpro/libctru/lib/libctru.a(svc.o)
                0x0000000000105e8c                svcControlMemory
 .text.svcQueryMemory
                0x0000000000105eac       0x30 /opt/devkitpro/libctru/lib/libctru.a(svc.o)
                0x0000000000105eac                svcQueryMemory
 .text.svcExitProcess
                0x0000000000105edc        0x8 /opt/devkitpro/libctru/lib/libctru.a(svc.o)
                0x0000000000105edc                svcExitProcess
 .text.svcCreateThread
                0x0000000000105ee4       0x20 /opt/devkitpro/libctru/lib/libctru.a(svc.o)
                0x0000000000105ee4                svcCreateThread
 .text.svcExitThread
                0x0000000000105f04        0x8 /opt/devkitpro/libctru/lib/libctru.a(svc.o)
                0x0000000000105f04                svcExitThread
 .text.svcSleepThread
                0x0000000000105f0c        0x8 /opt/devkitpro/libctru/lib/libctru.a(svc.o)
                0x0000000000105f0c                svcSleepThread
 .text.svcReleaseMutex
                0x0000000000105f14        0x8 /opt/devkitpro/libctru/lib/libctru.a(svc.o)
                0x0000000000105f14                svcReleaseMutex
 .text.svcCreateEvent
                0x0000000000105f1c       0x14 /opt/devkitpro/libctru/lib/libctru.a(svc.o)
                0x0000000000105f1c                svcCreateEvent
 .text.svcSignalEvent
                0x0000000000105f30        0x8 /opt/devkitpro/libctru/lib/libctru.a(svc.o)
                0x0000000000105f30                svcSignalEvent
 .text.svcClearEvent
                0x0000000000105f38        0x8 /opt/devkitpro/libctru/lib/libctru.a(svc.o)
                0x0000000000105f38                svcClearEvent
 .text.svcCreateMemoryBlock
                0x0000000000105f40       0x18 /opt/devkitpro/libctru/lib/libctru.a(svc.o)
                0x0000000000105f40                svcCreateMemoryBlock
 .text.svcMapMemoryBlock
                0x0000000000105f58        0x8 /opt/devkitpro/libctru/lib/libctru.a(svc.o)
                0x0000000000105f58                svcMapMemoryBlock
 .text.svcUnmapMemoryBlock
                0x0000000000105f60        0x8 /opt/devkitpro/libctru/lib/libctru.a(svc.o)
                0x0000000000105f60                svcUnmapMemoryBlock
 .text.svcCreateAddressArbiter
                0x0000000000105f68       0x14 /opt/devkitpro/libctru/lib/libctru.a(svc.o)
                0x0000000000105f68                svcCreateAddressArbiter
 .text.svcArbitrateAddressNoTimeout
                0x0000000000105f7c        0x8 /opt/devkitpro/libctru/lib/libctru.a(svc.o)
                0x0000000000105f7c                svcArbitrateAddressNoTimeout
 .text.svcCloseHandle
                0x0000000000105f84        0x8 /opt/devkitpro/libctru/lib/libctru.a(svc.o)
                0x0000000000105f84                svcCloseHandle
 .text.svcWaitSynchronization
                0x0000000000105f8c        0x8 /opt/devkitpro/libctru/lib/libctru.a(svc.o)
                0x0000000000105f8c                svcWaitSynchronization
 .text.svcWaitSynchronizationN
                0x0000000000105f94       0x28 /opt/devkitpro/libctru/lib/libctru.a(svc.o)
                0x0000000000105f94                svcWaitSynchronizationN
 .text.svcDuplicateHandle
                0x0000000000105fbc       0x14 /opt/devkitpro/libctru/lib/libctru.a(svc.o)
                0x0000000000105fbc                svcDuplicateHandle
 .text.svcConnectToPort
                0x0000000000105fd0       0x14 /opt/devkitpro/libctru/lib/libctru.a(svc.o)
                0x0000000000105fd0                svcConnectToPort
 .text.svcSendSyncRequest
                0x0000000000105fe4        0x8 /opt/devkitpro/libctru/lib/libctru.a(svc.o)
                0x0000000000105fe4                svcSendSyncRequest
 .text.svcGetResourceLimit
                0x0000000000105fec       0x14 /opt/devkitpro/libctru/lib/libctru.a(svc.o)
                0x0000000000105fec                svcGetResourceLimit
 .text.svcGetResourceLimitLimitValues
                0x0000000000106000        0x8 /opt/devkitpro/libctru/lib/libctru.a(svc.o)
                0x0000000000106000                svcGetResourceLimitLimitValues
 .text.svcGetResourceLimitCurrentValues
                0x0000000000106008        0x8 /opt/devkitpro/libctru/lib/libctru.a(svc.o)
                0x0000000000106008                svcGetResourceLimitCurrentValues
 .text.svcBreak
                0x0000000000106010        0x8 /opt/devkitpro/libctru/lib/libctru.a(svc.o)
                0x0000000000106010                svcBreak
 .text.initSystem
                0x0000000000106018       0x50 /opt/devkitpro/libctru/lib/libctru.a(stack_adjust.o)
                0x0000000000106018                initSystem
 .text.__ctru_exit
                0x0000000000106068       0x18 /opt/devkitpro/libctru/lib/libctru.a(stack_adjust.o)
                0x0000000000106068                __ctru_exit
 .text._ZL21addrMapNodeComparatorPK11rbtree_nodeS1_
                0x0000000000106080       0x24 /opt/devkitpro/libctru/lib/libctru.a(vram.o)
 .text._ZL21addrMapNodeDestructorP11rbtree_node
                0x00000000001060a4        0x4 /opt/devkitpro/libctru/lib/libctru.a(vram.o)
 .text.vramMemAlignAt
                0x00000000001060a8      0x250 /opt/devkitpro/libctru/lib/libctru.a(vram.o)
                0x00000000001060a8                vramMemAlignAt
 .text.vramAlloc
                0x00000000001062f8        0xc /opt/devkitpro/libctru/lib/libctru.a(vram.o)
                0x00000000001062f8                vramAlloc
 .text.vramFree
                0x0000000000106304       0x90 /opt/devkitpro/libctru/lib/libctru.a(vram.o)
                0x0000000000106304                vramFree
 .text._ZL21addrMapNodeComparatorPK11rbtree_nodeS1_
                0x0000000000106394       0x24 /opt/devkitpro/libctru/lib/libctru.a(linear.o)
 .text._ZL21addrMapNodeDestructorP11rbtree_node
                0x00000000001063b8        0x4 /opt/devkitpro/libctru/lib/libctru.a(linear.o)
 .text.linearMemAlign
                0x00000000001063bc      0x120 /opt/devkitpro/libctru/lib/libctru.a(linear.o)
                0x00000000001063bc                linearMemAlign
 .text.linearAlloc
                0x00000000001064dc        0x8 /opt/devkitpro/libctru/lib/libctru.a(linear.o)
                0x00000000001064dc                linearAlloc
 .text.linearFree
                0x00000000001064e4       0x5c /opt/devkitpro/libctru/lib/libctru.a(linear.o)
                0x00000000001064e4                linearFree
 .text._ZN7MemPool13CoalesceRightEP8MemBlock
                0x0000000000106540       0x80 /opt/devkitpro/libctru/lib/libctru.a(mem_pool.o)
                0x0000000000106540                MemPool::CoalesceRight(MemBlock*)
 .text._ZN7MemPool8AllocateER8MemChunkmi
                0x00000000001065c0      0x16c /opt/devkitpro/libctru/lib/libctru.a(mem_pool.o)
                0x00000000001065c0                MemPool::Allocate(MemChunk&, unsigned long, int)
 .text._ZN7MemPool10DeallocateERK8MemChunk
                0x000000000010672c       0xfc /opt/devkitpro/libctru/lib/libctru.a(mem_pool.o)
                0x000000000010672c                MemPool::Deallocate(MemChunk const&)
 .text._ZN7MemPool12GetFreeSpaceEv
                0x0000000000106828       0x30 /opt/devkitpro/libctru/lib/libctru.a(mem_pool.o)
                0x0000000000106828                MemPool::GetFreeSpace()
 .text.__sync_init
                0x0000000000106858        0xc /opt/devkitpro/libctru/lib/libctru.a(synchronization.o)
                0x0000000000106858                __sync_init
 .text.__sync_fini
                0x0000000000106864       0x18 /opt/devkitpro/libctru/lib/libctru.a(synchronization.o)
                0x0000000000106864                __sync_fini
 .text.syncArbitrateAddress
                0x000000000010687c       0x2c /opt/devkitpro/libctru/lib/libctru.a(synchronization.o)
                0x000000000010687c                syncArbitrateAddress
 .text.LightLock_Lock
                0x00000000001068a8       0xb0 /opt/devkitpro/libctru/lib/libctru.a(synchronization.o)
                0x00000000001068a8                LightLock_Lock
 .text.LightLock_Unlock
                0x0000000000106958       0x40 /opt/devkitpro/libctru/lib/libctru.a(synchronization.o)
                0x0000000000106958                LightLock_Unlock
 .text.RecursiveLock_Init
                0x0000000000106998       0x24 /opt/devkitpro/libctru/lib/libctru.a(synchronization.o)
                0x0000000000106998                RecursiveLock_Init
 .text.RecursiveLock_Lock
                0x00000000001069bc       0x30 /opt/devkitpro/libctru/lib/libctru.a(synchronization.o)
                0x00000000001069bc                RecursiveLock_Lock
 .text.RecursiveLock_Unlock
                0x00000000001069ec       0x54 /opt/devkitpro/libctru/lib/libctru.a(synchronization.o)
                0x00000000001069ec                RecursiveLock_Unlock
 .text.LightEvent_Init
                0x0000000000106a40       0x40 /opt/devkitpro/libctru/lib/libctru.a(synchronization.o)
                0x0000000000106a40                LightEvent_Init
 .text.LightEvent_Clear
                0x0000000000106a80       0xa4 /opt/devkitpro/libctru/lib/libctru.a(synchronization.o)
                0x0000000000106a80                LightEvent_Clear
 .text.LightEvent_Signal
                0x0000000000106b24       0xc8 /opt/devkitpro/libctru/lib/libctru.a(synchronization.o)
                0x0000000000106b24                LightEvent_Signal
 .text.LightEvent_TryWait
                0x0000000000106bec       0x50 /opt/devkitpro/libctru/lib/libctru.a(synchronization.o)
                0x0000000000106bec                LightEvent_TryWait
 .text.LightEvent_Wait
                0x0000000000106c3c       0xb0 /opt/devkitpro/libctru/lib/libctru.a(synchronization.o)
                0x0000000000106c3c                LightEvent_Wait
 .text.__ctru_speedup_config
                0x0000000000106cec       0x34 /opt/devkitpro/libctru/lib/libctru.a(os.o)
                0x0000000000106cec                __ctru_speedup_config
 .text.srvInit  0x0000000000106d20      0x130 /opt/devkitpro/libctru/lib/libctru.a(srv.o)
                0x0000000000106d20                srvInit
 .text.srvExit  0x0000000000106e50       0x58 /opt/devkitpro/libctru/lib/libctru.a(srv.o)
                0x0000000000106e50                srvExit
 .text.srvEnableNotification
                0x0000000000106ea8       0x60 /opt/devkitpro/libctru/lib/libctru.a(srv.o)
                0x0000000000106ea8                srvEnableNotification
 .text.srvGetServiceHandleDirect
                0x0000000000106f08       0xa0 /opt/devkitpro/libctru/lib/libctru.a(srv.o)
                0x0000000000106f08                srvGetServiceHandleDirect
 .text.srvGetServiceHandle
                0x0000000000106fa8       0x38 /opt/devkitpro/libctru/lib/libctru.a(srv.o)
                0x0000000000106fa8                srvGetServiceHandle
 .text.srvSubscribe
                0x0000000000106fe0       0x34 /opt/devkitpro/libctru/lib/libctru.a(srv.o)
                0x0000000000106fe0                srvSubscribe
 .text.srvReceiveNotification
                0x0000000000107014       0x60 /opt/devkitpro/libctru/lib/libctru.a(srv.o)
                0x0000000000107014                srvReceiveNotification
 .text.srvPublishToSubscriber
                0x0000000000107074       0x38 /opt/devkitpro/libctru/lib/libctru.a(srv.o)
                0x0000000000107074                srvPublishToSubscriber
 .text.threadCreate
                0x00000000001070ac      0x1d0 /opt/devkitpro/libctru/lib/libctru.a(thread.o)
                0x00000000001070ac                threadCreate
 .text.threadFree
                0x000000000010727c       0x2c /opt/devkitpro/libctru/lib/libctru.a(thread.o)
                0x000000000010727c                threadFree
 .text.threadJoin
                0x00000000001072a8       0x24 /opt/devkitpro/libctru/lib/libctru.a(thread.o)
                0x00000000001072a8                threadJoin
 .text.threadGetCurrent
                0x00000000001072cc       0x30 /opt/devkitpro/libctru/lib/libctru.a(thread.o)
                0x00000000001072cc                threadGetCurrent
 .text.threadExit
                0x00000000001072fc       0x40 /opt/devkitpro/libctru/lib/libctru.a(thread.o)
                0x00000000001072fc                threadExit
 .text._thread_begin
                0x000000000010733c       0x20 /opt/devkitpro/libctru/lib/libctru.a(thread.o)
 .text.mappableFindAddressWithin
                0x000000000010735c       0xb4 /opt/devkitpro/libctru/lib/libctru.a(mappable.o)
 .text.mappableInit
                0x0000000000107410       0x28 /opt/devkitpro/libctru/lib/libctru.a(mappable.o)
                0x0000000000107410                mappableInit
 .text.mappableAlloc
                0x0000000000107438       0x80 /opt/devkitpro/libctru/lib/libctru.a(mappable.o)
                0x0000000000107438                mappableAlloc
 .text.mappableFree
                0x00000000001074b8        0x4 /opt/devkitpro/libctru/lib/libctru.a(mappable.o)
                0x00000000001074b8                mappableFree
 .text.irrstInit
                0x00000000001074bc      0x164 /opt/devkitpro/libctru/lib/libctru.a(irrst.o)
                0x00000000001074bc                irrstInit
 .text.irrstExit
                0x0000000000107620       0xcc /opt/devkitpro/libctru/lib/libctru.a(irrst.o)
                0x0000000000107620                irrstExit
 .text.irrstScanInput
                0x00000000001076ec       0xb4 /opt/devkitpro/libctru/lib/libctru.a(irrst.o)
                0x00000000001076ec                irrstScanInput
 .text.irrstKeysHeld
                0x00000000001077a0       0x24 /opt/devkitpro/libctru/lib/libctru.a(irrst.o)
                0x00000000001077a0                irrstKeysHeld
 .text.srvPmGetSessionHandle
                0x00000000001077c4        0xc /opt/devkitpro/libctru/lib/libctru.a(srvpm.o)
                0x00000000001077c4                srvPmGetSessionHandle
 .text.ptmSysmInit
                0x00000000001077d0       0x74 /opt/devkitpro/libctru/lib/libctru.a(ptmsysm.o)
                0x00000000001077d0                ptmSysmInit
 .text.ptmSysmExit
                0x0000000000107844       0x3c /opt/devkitpro/libctru/lib/libctru.a(ptmsysm.o)
                0x0000000000107844                ptmSysmExit
 .text.PTMSYSM_ConfigureNew3DSCPU
                0x0000000000107880       0x34 /opt/devkitpro/libctru/lib/libctru.a(ptmsysm.o)
                0x0000000000107880                PTMSYSM_ConfigureNew3DSCPU
 .text.rbtree_init
                0x00000000001078b4       0x10 /opt/devkitpro/libctru/lib/libctru.a(rbtree_init.o)
                0x00000000001078b4                rbtree_init
 .text.do_insert
                0x00000000001078c4      0x1b4 /opt/devkitpro/libctru/lib/libctru.a(rbtree_insert.o)
 .text.rbtree_insert
                0x0000000000107a78        0x8 /opt/devkitpro/libctru/lib/libctru.a(rbtree_insert.o)
                0x0000000000107a78                rbtree_insert
 .text.rbtree_rotate
                0x0000000000107a80       0x90 /opt/devkitpro/libctru/lib/libctru.a(rbtree_rotate.o)
                0x0000000000107a80                rbtree_rotate
 .text.rbtree_remove
                0x0000000000107b10      0x318 /opt/devkitpro/libctru/lib/libctru.a(rbtree_remove.o)
                0x0000000000107b10                rbtree_remove
 .text.rbtree_find
                0x0000000000107e28       0x74 /opt/devkitpro/libctru/lib/libctru.a(rbtree_find.o)
                0x0000000000107e28                rbtree_find
 .text.__appInit
                0x0000000000107e9c       0x30 /opt/devkitpro/libctru/lib/libctru.a(appInit.o)
                0x0000000000107e9c                __appInit
 .text.__syscall_getreent
                0x0000000000107ecc       0x30 /opt/devkitpro/libctru/lib/libctru.a(syscalls.o)
                0x0000000000107ecc                __syscall_getreent
 .text.__syscall_lock_acquire
                0x0000000000107efc        0x4 /opt/devkitpro/libctru/lib/libctru.a(syscalls.o)
                0x0000000000107efc                __syscall_lock_acquire
 .text.__syscall_lock_release
                0x0000000000107f00        0x4 /opt/devkitpro/libctru/lib/libctru.a(syscalls.o)
                0x0000000000107f00                __syscall_lock_release
 .text.__syscall_lock_init_recursive
                0x0000000000107f04        0x4 /opt/devkitpro/libctru/lib/libctru.a(syscalls.o)
                0x0000000000107f04                __syscall_lock_init_recursive
 .text.__syscall_lock_acquire_recursive
                0x0000000000107f08        0x4 /opt/devkitpro/libctru/lib/libctru.a(syscalls.o)
                0x0000000000107f08                __syscall_lock_acquire_recursive
 .text.__syscall_lock_release_recursive
                0x0000000000107f0c        0x4 /opt/devkitpro/libctru/lib/libctru.a(syscalls.o)
                0x0000000000107f0c                __syscall_lock_release_recursive
 .text.__syscall_exit
                0x0000000000107f10        0x4 /opt/devkitpro/libctru/lib/libctru.a(syscalls.o)
                0x0000000000107f10                __syscall_exit
 .text.initThreadVars
                0x0000000000107f14       0x50 /opt/devkitpro/libctru/lib/libctru.a(syscalls.o)
                0x0000000000107f14                initThreadVars
 .text.__system_initSyscalls
                0x0000000000107f64       0x80 /opt/devkitpro/libctru/lib/libctru.a(syscalls.o)
                0x0000000000107f64                __system_initSyscalls
 *fill*         0x0000000000107fe4        0x4 
 .text.__system_allocateHeaps
                0x0000000000107fe8      0x1e0 /opt/devkitpro/libctru/lib/libctru.a(allocateHeaps.o)
                0x0000000000107fe8                __system_allocateHeaps
 .text.__appExit
                0x00000000001081c8       0x30 /opt/devkitpro/libctru/lib/libctru.a(appExit.o)
                0x00000000001081c8                __appExit
 .text.__libctru_exit
                0x00000000001081f8       0x90 /opt/devkitpro/libctru/lib/libctru.a(ctru_exit.o)
                0x00000000001081f8                __libctru_exit
 .text.envGetHandle
                0x0000000000108288       0x84 /opt/devkitpro/libctru/lib/libctru.a(env.o)
                0x0000000000108288                envGetHandle
 .text.envDestroyHandles
                0x000000000010830c       0x50 /opt/devkitpro/libctru/lib/libctru.a(env.o)
                0x000000000010830c                envDestroyHandles
 .text.archive_link
                0x000000000010835c       0x14 /opt/devkitpro/libctru/lib/libctru.a(archive_dev.o)
 .text.archive_dirreset
                0x0000000000108370       0x14 /opt/devkitpro/libctru/lib/libctru.a(archive_dev.o)
 .text.archive_chmod
                0x0000000000108384       0x14 /opt/devkitpro/libctru/lib/libctru.a(archive_dev.o)
 .text.error_cmp
                0x0000000000108398       0x24 /opt/devkitpro/libctru/lib/libctru.a(archive_dev.o)
 .text.archive_translate_error
                0x00000000001083bc       0x50 /opt/devkitpro/libctru/lib/libctru.a(archive_dev.o)
 .text.archive_seek
                0x000000000010840c       0xc8 /opt/devkitpro/libctru/lib/libctru.a(archive_dev.o)
 .text._archiveInit.part.0
                0x00000000001084d4       0x7c /opt/devkitpro/libctru/lib/libctru.a(archive_dev.o)
 .text.archiveFindDevice.part.0
                0x0000000000108550       0xc4 /opt/devkitpro/libctru/lib/libctru.a(archive_dev.o)
 .text.archive_utf16path
                0x0000000000108614      0x25c /opt/devkitpro/libctru/lib/libctru.a(archive_dev.o)
 .text._archiveUnmountDeviceStruct.part.0
                0x0000000000108870       0xa0 /opt/devkitpro/libctru/lib/libctru.a(archive_dev.o)
 .text.archive_fchmod
                0x0000000000108910       0x14 /opt/devkitpro/libctru/lib/libctru.a(archive_dev.o)
 .text.archive_statvfs
                0x0000000000108924       0x14 /opt/devkitpro/libctru/lib/libctru.a(archive_dev.o)
 .text._archiveMountDevice
                0x0000000000108938      0x164 /opt/devkitpro/libctru/lib/libctru.a(archive_dev.o)
 .text.archive_diropen
                0x0000000000108a9c       0xe8 /opt/devkitpro/libctru/lib/libctru.a(archive_dev.o)
 .text.archive_fstat
                0x0000000000108b84       0xa4 /opt/devkitpro/libctru/lib/libctru.a(archive_dev.o)
 .text.archive_close
                0x0000000000108c28       0x6c /opt/devkitpro/libctru/lib/libctru.a(archive_dev.o)
 .text.archive_fsync
                0x0000000000108c94       0x6c /opt/devkitpro/libctru/lib/libctru.a(archive_dev.o)
 .text.archive_dirclose
                0x0000000000108d00       0x70 /opt/devkitpro/libctru/lib/libctru.a(archive_dev.o)
 .text.sdmc_statvfs
                0x0000000000108d70       0xe8 /opt/devkitpro/libctru/lib/libctru.a(archive_dev.o)
 .text.archive_chdir
                0x0000000000108e58       0xec /opt/devkitpro/libctru/lib/libctru.a(archive_dev.o)
 .text.archive_ftruncate
                0x0000000000108f44       0x7c /opt/devkitpro/libctru/lib/libctru.a(archive_dev.o)
 .text.archive_read
                0x0000000000108fc0       0xac /opt/devkitpro/libctru/lib/libctru.a(archive_dev.o)
 .text.archive_unlink
                0x000000000010906c       0xa4 /opt/devkitpro/libctru/lib/libctru.a(archive_dev.o)
 .text.archive_rmdir
                0x0000000000109110       0xbc /opt/devkitpro/libctru/lib/libctru.a(archive_dev.o)
 .text.archive_mkdir
                0x00000000001091cc       0xdc /opt/devkitpro/libctru/lib/libctru.a(archive_dev.o)
 .text.archive_stat
                0x00000000001092a8      0x19c /opt/devkitpro/libctru/lib/libctru.a(archive_dev.o)
 .text.archive_dirnext
                0x0000000000109444      0x15c /opt/devkitpro/libctru/lib/libctru.a(archive_dev.o)
 .text.archive_write
                0x00000000001095a0       0xec /opt/devkitpro/libctru/lib/libctru.a(archive_dev.o)
 .text.archive_open
                0x000000000010968c      0x1d4 /opt/devkitpro/libctru/lib/libctru.a(archive_dev.o)
 .text.archive_rename
                0x0000000000109860      0x278 /opt/devkitpro/libctru/lib/libctru.a(archive_dev.o)
 .text.archiveMountSdmc
                0x0000000000109ad8      0x19c /opt/devkitpro/libctru/lib/libctru.a(archive_dev.o)
                0x0000000000109ad8                archiveMountSdmc
 .text.archiveUnmountAll
                0x0000000000109c74       0x54 /opt/devkitpro/libctru/lib/libctru.a(archive_dev.o)
                0x0000000000109c74                archiveUnmountAll
 .text.fsInit   0x0000000000109cc8       0xcc /opt/devkitpro/libctru/lib/libctru.a(fs.o)
                0x0000000000109cc8                fsInit
 .text.fsExit   0x0000000000109d94       0x3c /opt/devkitpro/libctru/lib/libctru.a(fs.o)
                0x0000000000109d94                fsExit
 .text.fsExemptFromSession
                0x0000000000109dd0       0x60 /opt/devkitpro/libctru/lib/libctru.a(fs.o)
                0x0000000000109dd0                fsExemptFromSession
 .text.fsUnexemptFromSession
                0x0000000000109e30       0x50 /opt/devkitpro/libctru/lib/libctru.a(fs.o)
                0x0000000000109e30                fsUnexemptFromSession
 .text.FSUSER_OpenFile
                0x0000000000109e80       0xcc /opt/devkitpro/libctru/lib/libctru.a(fs.o)
                0x0000000000109e80                FSUSER_OpenFile
 .text.FSUSER_DeleteFile
                0x0000000000109f4c       0xbc /opt/devkitpro/libctru/lib/libctru.a(fs.o)
                0x0000000000109f4c                FSUSER_DeleteFile
 .text.FSUSER_RenameFile
                0x000000000010a008       0xf8 /opt/devkitpro/libctru/lib/libctru.a(fs.o)
                0x000000000010a008                FSUSER_RenameFile
 .text.FSUSER_DeleteDirectory
                0x000000000010a100       0xbc /opt/devkitpro/libctru/lib/libctru.a(fs.o)
                0x000000000010a100                FSUSER_DeleteDirectory
 .text.FSUSER_CreateFile
                0x000000000010a1bc       0xd4 /opt/devkitpro/libctru/lib/libctru.a(fs.o)
                0x000000000010a1bc                FSUSER_CreateFile
 .text.FSUSER_CreateDirectory
                0x000000000010a290       0xc4 /opt/devkitpro/libctru/lib/libctru.a(fs.o)
                0x000000000010a290                FSUSER_CreateDirectory
 .text.FSUSER_RenameDirectory
                0x000000000010a354       0xf8 /opt/devkitpro/libctru/lib/libctru.a(fs.o)
                0x000000000010a354                FSUSER_RenameDirectory
 .text.FSUSER_OpenDirectory
                0x000000000010a44c       0xb4 /opt/devkitpro/libctru/lib/libctru.a(fs.o)
                0x000000000010a44c                FSUSER_OpenDirectory
 .text.FSUSER_OpenArchive
                0x000000000010a500       0x98 /opt/devkitpro/libctru/lib/libctru.a(fs.o)
                0x000000000010a500                FSUSER_OpenArchive
 .text.FSUSER_CloseArchive
                0x000000000010a598       0x8c /opt/devkitpro/libctru/lib/libctru.a(fs.o)
                0x000000000010a598                FSUSER_CloseArchive
 .text.FSUSER_GetSdmcArchiveResource
                0x000000000010a624       0x74 /opt/devkitpro/libctru/lib/libctru.a(fs.o)
                0x000000000010a624                FSUSER_GetSdmcArchiveResource
 .text.FSUSER_IsSdmcWritable
                0x000000000010a698       0x64 /opt/devkitpro/libctru/lib/libctru.a(fs.o)
                0x000000000010a698                FSUSER_IsSdmcWritable
 .text.FSFILE_Read
                0x000000000010a6fc       0x58 /opt/devkitpro/libctru/lib/libctru.a(fs.o)
                0x000000000010a6fc                FSFILE_Read
 .text.FSFILE_Write
                0x000000000010a754       0x60 /opt/devkitpro/libctru/lib/libctru.a(fs.o)
                0x000000000010a754                FSFILE_Write
 .text.FSFILE_GetSize
                0x000000000010a7b4       0x3c /opt/devkitpro/libctru/lib/libctru.a(fs.o)
                0x000000000010a7b4                FSFILE_GetSize
 .text.FSFILE_SetSize
                0x000000000010a7f0       0x28 /opt/devkitpro/libctru/lib/libctru.a(fs.o)
                0x000000000010a7f0                FSFILE_SetSize
 .text.FSFILE_Close
                0x000000000010a818       0x3c /opt/devkitpro/libctru/lib/libctru.a(fs.o)
                0x000000000010a818                FSFILE_Close
 .text.FSFILE_Flush
                0x000000000010a854       0x24 /opt/devkitpro/libctru/lib/libctru.a(fs.o)
                0x000000000010a854                FSFILE_Flush
 .text.FSDIR_Read
                0x000000000010a878       0x50 /opt/devkitpro/libctru/lib/libctru.a(fs.o)
                0x000000000010a878                FSDIR_Read
 .text.FSDIR_Close
                0x000000000010a8c8       0x3c /opt/devkitpro/libctru/lib/libctru.a(fs.o)
                0x000000000010a8c8                FSDIR_Close
 .text.rbtree_node_next
                0x000000000010a904       0x5c /opt/devkitpro/libctru/lib/libctru.a(rbtree_iterator.o)
                0x000000000010a904                rbtree_node_next
 .text.utf16_to_utf8
                0x000000000010a960       0xe8 /opt/devkitpro/libctru/lib/libctru.a(utf16_to_utf8.o)
                0x000000000010a960                utf16_to_utf8
 .text.decode_utf16
                0x000000000010aa48       0x64 /opt/devkitpro/libctru/lib/libctru.a(decode_utf16.o)
                0x000000000010aa48                decode_utf16
 .text.decode_utf8
                0x000000000010aaac      0x13c /opt/devkitpro/libctru/lib/libctru.a(decode_utf8.o)
                0x000000000010aaac                decode_utf8
 .text.utf8_to_utf16
                0x000000000010abe8       0xc0 /opt/devkitpro/libctru/lib/libctru.a(utf8_to_utf16.o)
                0x000000000010abe8                utf8_to_utf16
 .text.__aeabi_read_tp
                0x000000000010aca8        0xc /opt/devkitpro/libctru/lib/libctru.a(readtp.o)
                0x000000000010aca8                __aeabi_read_tp
 .text.encode_utf16
                0x000000000010acb4       0x54 /opt/devkitpro/libctru/lib/libctru.a(encode_utf16.o)
                0x000000000010acb4                encode_utf16
 .text.encode_utf8
                0x000000000010ad08       0xe0 /opt/devkitpro/libctru/lib/libctru.a(encode_utf8.o)
                0x000000000010ad08                encode_utf8
 .text.__udivmoddi4
                0x000000000010ade8      0x120 /opt/devkitpro/devkitARM/bin/../lib/gcc/arm-none-eabi/12.2.0/armv6k/fpu/libgcc.a(_udivmoddi4.o)
                0x000000000010ade8                __udivmoddi4
 .text.bsearch  0x000000000010af08       0x78 /opt/devkitpro/devkitARM/bin/../lib/gcc/arm-none-eabi/12.2.0/../../../../arm-none-eabi/lib/armv6k/fpu/libg.a(lib_a-bsearch.o)
                0x000000000010af08                bsearch
 .text.__errno  0x000000000010af80        0xc /opt/devkitpro/devkitARM/bin/../lib/gcc/arm-none-eabi/12.2.0/../../../../arm-none-eabi/lib/armv6k/fpu/libg.a(lib_a-errno.o)
                0x000000000010af80                __errno
 .text.exit     0x000000000010af8c       0x34 /opt/devkitpro/devkitARM/bin/../lib/gcc/arm-none-eabi/12.2.0/../../../../arm-none-eabi/lib/armv6k/fpu/libg.a(lib_a-exit.o)
                0x000000000010af8c                exit
 .text.__sflush_r
                0x000000000010afc0      0x234 /opt/devkitpro/devkitARM/bin/../lib/gcc/arm-none-eabi/12.2.0/../../../../arm-none-eabi/lib/armv6k/fpu/libg.a(lib_a-fflush.o)
                0x000000000010afc0                __sflush_r
 .text._fflush_r
                0x000000000010b1f4       0x94 /opt/devkitpro/devkitARM/bin/../lib/gcc/arm-none-eabi/12.2.0/../../../../arm-none-eabi/lib/armv6k/fpu/libg.a(lib_a-fflush.o)
                0x000000000010b1f4                _fflush_r
 .text._cleanup_r
                0x000000000010b288        0xc /opt/devkitpro/devkitARM/bin/../lib/gcc/arm-none-eabi/12.2.0/../../../../arm-none-eabi/lib/armv6k/fpu/libg.a(lib_a-findfp.o)
                0x000000000010b288                _cleanup_r
 .text.__sinit  0x000000000010b294      0x184 /opt/devkitpro/devkitARM/bin/../lib/gcc/arm-none-eabi/12.2.0/../../../../arm-none-eabi/lib/armv6k/fpu/libg.a(lib_a-findfp.o)
                0x000000000010b294                __sinit
 .text.__sfp_lock_acquire
                0x000000000010b418        0xc /opt/devkitpro/devkitARM/bin/../lib/gcc/arm-none-eabi/12.2.0/../../../../arm-none-eabi/lib/armv6k/fpu/libg.a(lib_a-findfp.o)
                0x000000000010b418                __sfp_lock_acquire
 .text.__sfp_lock_release
                0x000000000010b424        0xc /opt/devkitpro/devkitARM/bin/../lib/gcc/arm-none-eabi/12.2.0/../../../../arm-none-eabi/lib/armv6k/fpu/libg.a(lib_a-findfp.o)
                0x000000000010b424                __sfp_lock_release
 .text.__libc_fini_array
                0x000000000010b430       0x3c /opt/devkitpro/devkitARM/bin/../lib/gcc/arm-none-eabi/12.2.0/../../../../arm-none-eabi/lib/armv6k/fpu/libg.a(lib_a-fini.o)
                0x000000000010b430                __libc_fini_array
 .text._malloc_trim_r
                0x000000000010b46c       0xf8 /opt/devkitpro/devkitARM/bin/../lib/gcc/arm-none-eabi/12.2.0/../../../../arm-none-eabi/lib/armv6k/fpu/libg.a(lib_a-freer.o)
                0x000000000010b46c                _malloc_trim_r
 .text._free_r  0x000000000010b564      0x2e8 /opt/devkitpro/devkitARM/bin/../lib/gcc/arm-none-eabi/12.2.0/../../../../arm-none-eabi/lib/armv6k/fpu/libg.a(lib_a-freer.o)
                0x000000000010b564                _free_r
 .text._fwalk_reent
                0x000000000010b84c       0x70 /opt/devkitpro/devkitARM/bin/../lib/gcc/arm-none-eabi/12.2.0/../../../../arm-none-eabi/lib/armv6k/fpu/libg.a(lib_a-fwalk.o)
                0x000000000010b84c                _fwalk_reent
 .text.__libc_init_array
                0x000000000010b8bc       0x84 /opt/devkitpro/devkitARM/bin/../lib/gcc/arm-none-eabi/12.2.0/../../../../arm-none-eabi/lib/armv6k/fpu/libg.a(lib_a-init.o)
                0x000000000010b8bc                __libc_init_array
 .text.memalign
                0x000000000010b940       0x20 /opt/devkitpro/devkitARM/bin/../lib/gcc/arm-none-eabi/12.2.0/../../../../arm-none-eabi/lib/armv6k/fpu/libg.a(lib_a-malign.o)
                0x000000000010b940                memalign
 .text._memalign_r
                0x000000000010b960      0x14c /opt/devkitpro/devkitARM/bin/../lib/gcc/arm-none-eabi/12.2.0/../../../../arm-none-eabi/lib/armv6k/fpu/libg.a(lib_a-malignr.o)
                0x000000000010b960                _memalign_r
 .text.malloc   0x000000000010baac       0x18 /opt/devkitpro/devkitARM/bin/../lib/gcc/arm-none-eabi/12.2.0/../../../../arm-none-eabi/lib/armv6k/fpu/libg.a(lib_a-malloc.o)
                0x000000000010baac                malloc
 .text.free     0x000000000010bac4       0x18 /opt/devkitpro/devkitARM/bin/../lib/gcc/arm-none-eabi/12.2.0/../../../../arm-none-eabi/lib/armv6k/fpu/libg.a(lib_a-malloc.o)
                0x000000000010bac4                free
 .text._malloc_r
                0x000000000010badc      0x7e4 /opt/devkitpro/devkitARM/bin/../lib/gcc/arm-none-eabi/12.2.0/../../../../arm-none-eabi/lib/armv6k/fpu/libg.a(lib_a-mallocr.o)
                0x000000000010badc                _malloc_r
 .text.memchr   0x000000000010c2c0       0xe4 /opt/devkitpro/devkitARM/bin/../lib/gcc/arm-none-eabi/12.2.0/../../../../arm-none-eabi/lib/armv6k/fpu/libg.a(lib_a-memchr-stub.o)
                0x000000000010c2c0                memchr
 .text.memcpy   0x000000000010c3a4      0x118 /opt/devkitpro/devkitARM/bin/../lib/gcc/arm-none-eabi/12.2.0/../../../../arm-none-eabi/lib/armv6k/fpu/libg.a(lib_a-memcpy-stub.o)
                0x000000000010c3a4                memcpy
 .text.memset   0x000000000010c4bc       0xf4 /opt/devkitpro/devkitARM/bin/../lib/gcc/arm-none-eabi/12.2.0/../../../../arm-none-eabi/lib/armv6k/fpu/libg.a(lib_a-memset.o)
                0x000000000010c4bc                memset
 .text.__malloc_lock
                0x000000000010c5b0        0xc /opt/devkitpro/devkitARM/bin/../lib/gcc/arm-none-eabi/12.2.0/../../../../arm-none-eabi/lib/armv6k/fpu/libg.a(lib_a-mlock.o)
                0x000000000010c5b0                __malloc_lock
 .text.__malloc_unlock
                0x000000000010c5bc        0xc /opt/devkitpro/devkitARM/bin/../lib/gcc/arm-none-eabi/12.2.0/../../../../arm-none-eabi/lib/armv6k/fpu/libg.a(lib_a-mlock.o)
                0x000000000010c5bc                __malloc_unlock
 .text.printf   0x000000000010c5c8       0x34 /opt/devkitpro/devkitARM/bin/../lib/gcc/arm-none-eabi/12.2.0/../../../../arm-none-eabi/lib/armv6k/fpu/libg.a(lib_a-printf.o)
                0x000000000010c5c8                printf
 .text._puts_r  0x000000000010c5fc       0xe0 /opt/devkitpro/devkitARM/bin/../lib/gcc/arm-none-eabi/12.2.0/../../../../arm-none-eabi/lib/armv6k/fpu/libg.a(lib_a-puts.o)
                0x000000000010c5fc                _puts_r
 .text.puts     0x000000000010c6dc       0x18 /opt/devkitpro/devkitARM/bin/../lib/gcc/arm-none-eabi/12.2.0/../../../../arm-none-eabi/lib/armv6k/fpu/libg.a(lib_a-puts.o)
                0x000000000010c6dc                puts
 .text.setvbuf  0x000000000010c6f4      0x25c /opt/devkitpro/devkitARM/bin/../lib/gcc/arm-none-eabi/12.2.0/../../../../arm-none-eabi/lib/armv6k/fpu/libg.a(lib_a-setvbuf.o)
                0x000000000010c6f4                setvbuf
 .text.sscanf   0x000000000010c950       0x74 /opt/devkitpro/devkitARM/bin/../lib/gcc/arm-none-eabi/12.2.0/../../../../arm-none-eabi/lib/armv6k/fpu/libg.a(lib_a-sscanf.o)
                0x000000000010c950                sscanf
 .text.__sread  0x000000000010c9c4       0x44 /opt/devkitpro/devkitARM/bin/../lib/gcc/arm-none-eabi/12.2.0/../../../../arm-none-eabi/lib/armv6k/fpu/libg.a(lib_a-stdio.o)
                0x000000000010c9c4                __sread
 .text.__seofread
                0x000000000010ca08        0x8 /opt/devkitpro/devkitARM/bin/../lib/gcc/arm-none-eabi/12.2.0/../../../../arm-none-eabi/lib/armv6k/fpu/libg.a(lib_a-stdio.o)
                0x000000000010ca08                __seofread
 .text.__swrite
                0x000000000010ca10       0x68 /opt/devkitpro/devkitARM/bin/../lib/gcc/arm-none-eabi/12.2.0/../../../../arm-none-eabi/lib/armv6k/fpu/libg.a(lib_a-stdio.o)
                0x000000000010ca10                __swrite
 .text.__sseek  0x000000000010ca78       0x44 /opt/devkitpro/devkitARM/bin/../lib/gcc/arm-none-eabi/12.2.0/../../../../arm-none-eabi/lib/armv6k/fpu/libg.a(lib_a-stdio.o)
                0x000000000010ca78                __sseek
 .text.__sclose
                0x000000000010cabc        0x8 /opt/devkitpro/devkitARM/bin/../lib/gcc/arm-none-eabi/12.2.0/../../../../arm-none-eabi/lib/armv6k/fpu/libg.a(lib_a-stdio.o)
                0x000000000010cabc                __sclose
 .text.strlen   0x000000000010cac4       0x5c /opt/devkitpro/devkitARM/bin/../lib/gcc/arm-none-eabi/12.2.0/../../../../arm-none-eabi/lib/armv6k/fpu/libg.a(lib_a-strlen-stub.o)
                0x000000000010cac4                strlen
 .text.strncat  0x000000000010cb20       0xe4 /opt/devkitpro/devkitARM/bin/../lib/gcc/arm-none-eabi/12.2.0/../../../../arm-none-eabi/lib/armv6k/fpu/libg.a(lib_a-strncat.o)
                0x000000000010cb20                strncat
 .text.strncmp  0x000000000010cc04       0xe4 /opt/devkitpro/devkitARM/bin/../lib/gcc/arm-none-eabi/12.2.0/../../../../arm-none-eabi/lib/armv6k/fpu/libg.a(lib_a-strncmp.o)
                0x000000000010cc04                strncmp
 .text.strncpy  0x000000000010cce8       0xc4 /opt/devkitpro/devkitARM/bin/../lib/gcc/arm-none-eabi/12.2.0/../../../../arm-none-eabi/lib/armv6k/fpu/libg.a(lib_a-strncpy.o)
                0x000000000010cce8                strncpy
 .text.strnlen  0x000000000010cdac       0x48 /opt/devkitpro/devkitARM/bin/../lib/gcc/arm-none-eabi/12.2.0/../../../../arm-none-eabi/lib/armv6k/fpu/libg.a(lib_a-strnlen.o)
                0x000000000010cdac                strnlen
 .text._strtoul_l.constprop.0
                0x000000000010cdf4      0x1c4 /opt/devkitpro/devkitARM/bin/../lib/gcc/arm-none-eabi/12.2.0/../../../../arm-none-eabi/lib/armv6k/fpu/libg.a(lib_a-strtoul.o)
 .text._strtoul_r
                0x000000000010cfb8        0x4 /opt/devkitpro/devkitARM/bin/../lib/gcc/arm-none-eabi/12.2.0/../../../../arm-none-eabi/lib/armv6k/fpu/libg.a(lib_a-strtoul.o)
                0x000000000010cfb8                _strtoul_r
 .text.strtoul  0x000000000010cfbc       0x28 /opt/devkitpro/devkitARM/bin/../lib/gcc/arm-none-eabi/12.2.0/../../../../arm-none-eabi/lib/armv6k/fpu/libg.a(lib_a-strtoul.o)
                0x000000000010cfbc                strtoul
 .text.get_arg  0x000000000010cfe4       0x50 /opt/devkitpro/devkitARM/bin/../lib/gcc/arm-none-eabi/12.2.0/../../../../arm-none-eabi/lib/armv6k/fpu/libg.a(lib_a-svfscanf.o)
 .text.__ssvfscanf_r
                0x000000000010d034     0x2c38 /opt/devkitpro/devkitARM/bin/../lib/gcc/arm-none-eabi/12.2.0/../../../../arm-none-eabi/lib/armv6k/fpu/libg.a(lib_a-svfscanf.o)
                0x000000000010d034                __ssvfscanf_r
 .text.get_arg  0x000000000010fc6c      0x66c /opt/devkitpro/devkitARM/bin/../lib/gcc/arm-none-eabi/12.2.0/../../../../arm-none-eabi/lib/armv6k/fpu/libg.a(lib_a-vfprintf.o)
 .text._vfprintf_r
                0x00000000001102d8     0x339c /opt/devkitpro/devkitARM/bin/../lib/gcc/arm-none-eabi/12.2.0/../../../../arm-none-eabi/lib/armv6k/fpu/libg.a(lib_a-vfprintf.o)
                0x00000000001102d8                _vfprintf_r
 .text.__sbprintf
                0x0000000000113674       0xd0 /opt/devkitpro/devkitARM/bin/../lib/gcc/arm-none-eabi/12.2.0/../../../../arm-none-eabi/lib/armv6k/fpu/libg.a(lib_a-vfprintf.o)
 .text._wcrtomb_r
                0x0000000000113744       0x54 /opt/devkitpro/devkitARM/bin/../lib/gcc/arm-none-eabi/12.2.0/../../../../arm-none-eabi/lib/armv6k/fpu/libg.a(lib_a-wcrtomb.o)
                0x0000000000113744                _wcrtomb_r
 .text._wcsrtombs_r
                0x0000000000113798       0x28 /opt/devkitpro/devkitARM/bin/../lib/gcc/arm-none-eabi/12.2.0/../../../../arm-none-eabi/lib/armv6k/fpu/libg.a(lib_a-wcsrtombs.o)
                0x0000000000113798                _wcsrtombs_r
 .text.__swsetup_r
                0x00000000001137c0      0x13c /opt/devkitpro/devkitARM/bin/../lib/gcc/arm-none-eabi/12.2.0/../../../../arm-none-eabi/lib/armv6k/fpu/libg.a(lib_a-wsetup.o)
                0x00000000001137c0                __swsetup_r
 .text.__call_exitprocs
                0x00000000001138fc      0x114 /opt/devkitpro/devkitARM/bin/../lib/gcc/arm-none-eabi/12.2.0/../../../../arm-none-eabi/lib/armv6k/fpu/libg.a(lib_a-__call_atexit.o)
                0x00000000001138fc                __call_exitprocs
 .text.quorem   0x0000000000113a10      0x1b0 /opt/devkitpro/devkitARM/bin/../lib/gcc/arm-none-eabi/12.2.0/../../../../arm-none-eabi/lib/armv6k/fpu/libg.a(lib_a-dtoa.o)
 .text._dtoa_r  0x0000000000113bc0     0x11f8 /opt/devkitpro/devkitARM/bin/../lib/gcc/arm-none-eabi/12.2.0/../../../../arm-none-eabi/lib/armv6k/fpu/libg.a(lib_a-dtoa.o)
                0x0000000000113bc0                _dtoa_r
 .text._fclose_r
                0x0000000000114db8      0x15c /opt/devkitpro/devkitARM/bin/../lib/gcc/arm-none-eabi/12.2.0/../../../../arm-none-eabi/lib/armv6k/fpu/libg.a(lib_a-fclose.o)
                0x0000000000114db8                _fclose_r
 .text.__sfvwrite_r
                0x0000000000114f14      0x4b4 /opt/devkitpro/devkitARM/bin/../lib/gcc/arm-none-eabi/12.2.0/../../../../arm-none-eabi/lib/armv6k/fpu/libg.a(lib_a-fvwrite.o)
                0x0000000000114f14                __sfvwrite_r
 .text.iswspace
                0x00000000001153c8        0x8 /opt/devkitpro/devkitARM/bin/../lib/gcc/arm-none-eabi/12.2.0/../../../../arm-none-eabi/lib/armv6k/fpu/libg.a(lib_a-iswspace.o)
                0x00000000001153c8                iswspace
 .text._localeconv_r
                0x00000000001153d0        0xc /opt/devkitpro/devkitARM/bin/../lib/gcc/arm-none-eabi/12.2.0/../../../../arm-none-eabi/lib/armv6k/fpu/libg.a(lib_a-localeconv.o)
                0x00000000001153d0                _localeconv_r
 .text.__locale_mb_cur_max
                0x00000000001153dc       0x10 /opt/devkitpro/devkitARM/bin/../lib/gcc/arm-none-eabi/12.2.0/../../../../arm-none-eabi/lib/armv6k/fpu/libg.a(lib_a-locale.o)
                0x00000000001153dc                __locale_mb_cur_max
 .text.__smakebuf_r
                0x00000000001153ec      0x138 /opt/devkitpro/devkitARM/bin/../lib/gcc/arm-none-eabi/12.2.0/../../../../arm-none-eabi/lib/armv6k/fpu/libg.a(lib_a-makebuf.o)
                0x00000000001153ec                __smakebuf_r
 .text.__swhatbuf_r
                0x0000000000115524       0x8c /opt/devkitpro/devkitARM/bin/../lib/gcc/arm-none-eabi/12.2.0/../../../../arm-none-eabi/lib/armv6k/fpu/libg.a(lib_a-makebuf.o)
                0x0000000000115524                __swhatbuf_r
 .text._mbrtowc_r
                0x00000000001155b0       0x68 /opt/devkitpro/devkitARM/bin/../lib/gcc/arm-none-eabi/12.2.0/../../../../arm-none-eabi/lib/armv6k/fpu/libg.a(lib_a-mbrtowc.o)
                0x00000000001155b0                _mbrtowc_r
 .text.__utf8_mbtowc
                0x0000000000115618      0x2f8 /opt/devkitpro/devkitARM/bin/../lib/gcc/arm-none-eabi/12.2.0/../../../../arm-none-eabi/lib/armv6k/fpu/libg.a(lib_a-mbtowc_r.o)
                0x0000000000115618                __utf8_mbtowc
 .text.memmove  0x0000000000115910      0x150 /opt/devkitpro/devkitARM/bin/../lib/gcc/arm-none-eabi/12.2.0/../../../../arm-none-eabi/lib/armv6k/fpu/libg.a(lib_a-memmove.o)
                0x0000000000115910                memmove
 .text._Balloc  0x0000000000115a60       0x88 /opt/devkitpro/devkitARM/bin/../lib/gcc/arm-none-eabi/12.2.0/../../../../arm-none-eabi/lib/armv6k/fpu/libg.a(lib_a-mprec.o)
                0x0000000000115a60                _Balloc
 .text._Bfree   0x0000000000115ae8       0x1c /opt/devkitpro/devkitARM/bin/../lib/gcc/arm-none-eabi/12.2.0/../../../../arm-none-eabi/lib/armv6k/fpu/libg.a(lib_a-mprec.o)
                0x0000000000115ae8                _Bfree
 .text.__multadd
                0x0000000000115b04       0xf4 /opt/devkitpro/devkitARM/bin/../lib/gcc/arm-none-eabi/12.2.0/../../../../arm-none-eabi/lib/armv6k/fpu/libg.a(lib_a-mprec.o)
                0x0000000000115b04                __multadd
 .text.__s2b    0x0000000000115bf8      0x110 /opt/devkitpro/devkitARM/bin/../lib/gcc/arm-none-eabi/12.2.0/../../../../arm-none-eabi/lib/armv6k/fpu/libg.a(lib_a-mprec.o)
                0x0000000000115bf8                __s2b
 .text.__hi0bits
                0x0000000000115d08       0x60 /opt/devkitpro/devkitARM/bin/../lib/gcc/arm-none-eabi/12.2.0/../../../../arm-none-eabi/lib/armv6k/fpu/libg.a(lib_a-mprec.o)
                0x0000000000115d08                __hi0bits
 .text.__lo0bits
                0x0000000000115d68       0x9c /opt/devkitpro/devkitARM/bin/../lib/gcc/arm-none-eabi/12.2.0/../../../../arm-none-eabi/lib/armv6k/fpu/libg.a(lib_a-mprec.o)
                0x0000000000115d68                __lo0bits
 .text.__i2b    0x0000000000115e04       0xa8 /opt/devkitpro/devkitARM/bin/../lib/gcc/arm-none-eabi/12.2.0/../../../../arm-none-eabi/lib/armv6k/fpu/libg.a(lib_a-mprec.o)
                0x0000000000115e04                __i2b
 .text.__multiply
                0x0000000000115eac      0x204 /opt/devkitpro/devkitARM/bin/../lib/gcc/arm-none-eabi/12.2.0/../../../../arm-none-eabi/lib/armv6k/fpu/libg.a(lib_a-mprec.o)
                0x0000000000115eac                __multiply
 .text.__pow5mult
                0x00000000001160b0      0x124 /opt/devkitpro/devkitARM/bin/../lib/gcc/arm-none-eabi/12.2.0/../../../../arm-none-eabi/lib/armv6k/fpu/libg.a(lib_a-mprec.o)
                0x00000000001160b0                __pow5mult
 .text.__lshift
                0x00000000001161d4      0x140 /opt/devkitpro/devkitARM/bin/../lib/gcc/arm-none-eabi/12.2.0/../../../../arm-none-eabi/lib/armv6k/fpu/libg.a(lib_a-mprec.o)
                0x00000000001161d4                __lshift
 .text.__mcmp   0x0000000000116314       0x58 /opt/devkitpro/devkitARM/bin/../lib/gcc/arm-none-eabi/12.2.0/../../../../arm-none-eabi/lib/armv6k/fpu/libg.a(lib_a-mprec.o)
                0x0000000000116314                __mcmp
 .text.__mdiff  0x000000000011636c      0x1ec /opt/devkitpro/devkitARM/bin/../lib/gcc/arm-none-eabi/12.2.0/../../../../arm-none-eabi/lib/armv6k/fpu/libg.a(lib_a-mprec.o)
                0x000000000011636c                __mdiff
 .text.__ulp    0x0000000000116558       0x68 /opt/devkitpro/devkitARM/bin/../lib/gcc/arm-none-eabi/12.2.0/../../../../arm-none-eabi/lib/armv6k/fpu/libg.a(lib_a-mprec.o)
                0x0000000000116558                __ulp
 .text.__b2d    0x00000000001165c0       0xd0 /opt/devkitpro/devkitARM/bin/../lib/gcc/arm-none-eabi/12.2.0/../../../../arm-none-eabi/lib/armv6k/fpu/libg.a(lib_a-mprec.o)
                0x00000000001165c0                __b2d
 .text.__d2b    0x0000000000116690      0x120 /opt/devkitpro/devkitARM/bin/../lib/gcc/arm-none-eabi/12.2.0/../../../../arm-none-eabi/lib/armv6k/fpu/libg.a(lib_a-mprec.o)
                0x0000000000116690                __d2b
 .text.__ratio  0x00000000001167b0       0x78 /opt/devkitpro/devkitARM/bin/../lib/gcc/arm-none-eabi/12.2.0/../../../../arm-none-eabi/lib/armv6k/fpu/libg.a(lib_a-mprec.o)
                0x00000000001167b0                __ratio
 .text.__copybits
                0x0000000000116828       0x88 /opt/devkitpro/devkitARM/bin/../lib/gcc/arm-none-eabi/12.2.0/../../../../arm-none-eabi/lib/armv6k/fpu/libg.a(lib_a-mprec.o)
                0x0000000000116828                __copybits
 .text.__any_on
                0x00000000001168b0       0x5c /opt/devkitpro/devkitARM/bin/../lib/gcc/arm-none-eabi/12.2.0/../../../../arm-none-eabi/lib/armv6k/fpu/libg.a(lib_a-mprec.o)
                0x00000000001168b0                __any_on
 .text.realloc  0x000000000011690c       0x20 /opt/devkitpro/devkitARM/bin/../lib/gcc/arm-none-eabi/12.2.0/../../../../arm-none-eabi/lib/armv6k/fpu/libg.a(lib_a-realloc.o)
                0x000000000011690c                realloc
 .text._realloc_r
                0x000000000011692c      0x4a0 /opt/devkitpro/devkitARM/bin/../lib/gcc/arm-none-eabi/12.2.0/../../../../arm-none-eabi/lib/armv6k/fpu/libg.a(lib_a-reallocr.o)
                0x000000000011692c                _realloc_r
 .text.__sccl   0x0000000000116dcc       0xf4 /opt/devkitpro/devkitARM/bin/../lib/gcc/arm-none-eabi/12.2.0/../../../../arm-none-eabi/lib/armv6k/fpu/libg.a(lib_a-sccl.o)
                0x0000000000116dcc                __sccl
 .text.nanf     0x0000000000116ec0        0xc /opt/devkitpro/devkitARM/bin/../lib/gcc/arm-none-eabi/12.2.0/../../../../arm-none-eabi/lib/armv6k/fpu/libg.a(lib_a-sf_nan.o)
                0x0000000000116ec0                nanf
 *fill*         0x0000000000116ecc        0x4 
 .text.frexp    0x0000000000116ed0       0x88 /opt/devkitpro/devkitARM/bin/../lib/gcc/arm-none-eabi/12.2.0/../../../../arm-none-eabi/lib/armv6k/fpu/libg.a(lib_a-s_frexp.o)
                0x0000000000116ed0                frexp
 .text.sprintf  0x0000000000116f58       0x64 /opt/devkitpro/devkitARM/bin/../lib/gcc/arm-none-eabi/12.2.0/../../../../arm-none-eabi/lib/armv6k/fpu/libg.a(lib_a-sprintf.o)
                0x0000000000116f58                sprintf
 .text.stpncpy  0x0000000000116fbc       0xcc /opt/devkitpro/devkitARM/bin/../lib/gcc/arm-none-eabi/12.2.0/../../../../arm-none-eabi/lib/armv6k/fpu/libg.a(lib_a-stpncpy.o)
                0x0000000000116fbc                stpncpy
 .text.strchr   0x0000000000117088      0x130 /opt/devkitpro/devkitARM/bin/../lib/gcc/arm-none-eabi/12.2.0/../../../../arm-none-eabi/lib/armv6k/fpu/libg.a(lib_a-strchr.o)
                0x0000000000117088                strchr
 .text.sulp     0x00000000001171b8       0x64 /opt/devkitpro/devkitARM/bin/../lib/gcc/arm-none-eabi/12.2.0/../../../../arm-none-eabi/lib/armv6k/fpu/libg.a(lib_a-strtod.o)
 *fill*         0x000000000011721c        0x4 
 .text._strtod_l
                0x0000000000117220     0x13a8 /opt/devkitpro/devkitARM/bin/../lib/gcc/arm-none-eabi/12.2.0/../../../../arm-none-eabi/lib/armv6k/fpu/libg.a(lib_a-strtod.o)
                0x0000000000117220                _strtod_l
 .text._strtod_r
                0x00000000001185c8        0xc /opt/devkitpro/devkitARM/bin/../lib/gcc/arm-none-eabi/12.2.0/../../../../arm-none-eabi/lib/armv6k/fpu/libg.a(lib_a-strtod.o)
                0x00000000001185c8                _strtod_r
 .text._strtoll_l.constprop.0
                0x00000000001185d4      0x22c /opt/devkitpro/devkitARM/bin/../lib/gcc/arm-none-eabi/12.2.0/../../../../arm-none-eabi/lib/armv6k/fpu/libg.a(lib_a-strtoll.o)
 .text._strtoll_r
                0x0000000000118800        0x4 /opt/devkitpro/devkitARM/bin/../lib/gcc/arm-none-eabi/12.2.0/../../../../arm-none-eabi/lib/armv6k/fpu/libg.a(lib_a-strtoll.o)
                0x0000000000118800                _strtoll_r
 .text._strtol_l.part.0
                0x0000000000118804      0x1a4 /opt/devkitpro/devkitARM/bin/../lib/gcc/arm-none-eabi/12.2.0/../../../../arm-none-eabi/lib/armv6k/fpu/libg.a(lib_a-strtol.o)
 .text._strtol_r
                0x00000000001189a8       0x3c /opt/devkitpro/devkitARM/bin/../lib/gcc/arm-none-eabi/12.2.0/../../../../arm-none-eabi/lib/armv6k/fpu/libg.a(lib_a-strtol.o)
                0x00000000001189a8                _strtol_r
 .text._strtoull_l.constprop.0
                0x00000000001189e4      0x244 /opt/devkitpro/devkitARM/bin/../lib/gcc/arm-none-eabi/12.2.0/../../../../arm-none-eabi/lib/armv6k/fpu/libg.a(lib_a-strtoull.o)
 .text._strtoull_r
                0x0000000000118c28        0x4 /opt/devkitpro/devkitARM/bin/../lib/gcc/arm-none-eabi/12.2.0/../../../../arm-none-eabi/lib/armv6k/fpu/libg.a(lib_a-strtoull.o)
                0x0000000000118c28                _strtoull_r
 .text.__ssprint_r
                0x0000000000118c2c      0x188 /opt/devkitpro/devkitARM/bin/../lib/gcc/arm-none-eabi/12.2.0/../../../../arm-none-eabi/lib/armv6k/fpu/libg.a(lib_a-svfiprintf.o)
                0x0000000000118c2c                __ssprint_r
 .text._sungetc_r
                0x0000000000118db4       0xd4 /opt/devkitpro/devkitARM/bin/../lib/gcc/arm-none-eabi/12.2.0/../../../../arm-none-eabi/lib/armv6k/fpu/libg.a(lib_a-svfiscanf.o)
                0x0000000000118db4                _sungetc_r
 .text.__ssrefill_r
                0x0000000000118e88       0x6c /opt/devkitpro/devkitARM/bin/../lib/gcc/arm-none-eabi/12.2.0/../../../../arm-none-eabi/lib/armv6k/fpu/libg.a(lib_a-svfiscanf.o)
                0x0000000000118e88                __ssrefill_r
 .text._sfread_r
                0x0000000000118ef4       0xc4 /opt/devkitpro/devkitARM/bin/../lib/gcc/arm-none-eabi/12.2.0/../../../../arm-none-eabi/lib/armv6k/fpu/libg.a(lib_a-svfiscanf.o)
                0x0000000000118ef4                _sfread_r
 .text.get_arg  0x0000000000118fb8      0x66c /opt/devkitpro/devkitARM/bin/../lib/gcc/arm-none-eabi/12.2.0/../../../../arm-none-eabi/lib/armv6k/fpu/libg.a(lib_a-svfprintf.o)
 *fill*         0x0000000000119624        0x4 
 .text._svfprintf_r
                0x0000000000119628     0x3334 /opt/devkitpro/devkitARM/bin/../lib/gcc/arm-none-eabi/12.2.0/../../../../arm-none-eabi/lib/armv6k/fpu/libg.a(lib_a-svfprintf.o)
                0x0000000000119628                _svfprintf_r
 .text.__submore
                0x000000000011c95c       0xa8 /opt/devkitpro/devkitARM/bin/../lib/gcc/arm-none-eabi/12.2.0/../../../../arm-none-eabi/lib/armv6k/fpu/libg.a(lib_a-ungetc.o)
                0x000000000011c95c                __submore
 .text.get_arg  0x000000000011ca04      0x66c /opt/devkitpro/devkitARM/bin/../lib/gcc/arm-none-eabi/12.2.0/../../../../arm-none-eabi/lib/armv6k/fpu/libg.a(lib_a-vfiprintf.o)
 .text.__sprint_r
                0x000000000011d070       0x30 /opt/devkitpro/devkitARM/bin/../lib/gcc/arm-none-eabi/12.2.0/../../../../arm-none-eabi/lib/armv6k/fpu/libg.a(lib_a-vfiprintf.o)
                0x000000000011d070                __sprint_r
 .text._vfiprintf_r
                0x000000000011d0a0     0x22ec /opt/devkitpro/devkitARM/bin/../lib/gcc/arm-none-eabi/12.2.0/../../../../arm-none-eabi/lib/armv6k/fpu/libg.a(lib_a-vfiprintf.o)
                0x000000000011d0a0                _vfiprintf_r
 .text.__sbprintf
                0x000000000011f38c       0xd0 /opt/devkitpro/devkitARM/bin/../lib/gcc/arm-none-eabi/12.2.0/../../../../arm-none-eabi/lib/armv6k/fpu/libg.a(lib_a-vfiprintf.o)
 .text._wcsnrtombs_l
                0x000000000011f45c      0x188 /opt/devkitpro/devkitARM/bin/../lib/gcc/arm-none-eabi/12.2.0/../../../../arm-none-eabi/lib/armv6k/fpu/libg.a(lib_a-wcsnrtombs.o)
                0x000000000011f45c                _wcsnrtombs_l
 .text._wcsnrtombs_r
                0x000000000011f5e4       0x4c /opt/devkitpro/devkitARM/bin/../lib/gcc/arm-none-eabi/12.2.0/../../../../arm-none-eabi/lib/armv6k/fpu/libg.a(lib_a-wcsnrtombs.o)
                0x000000000011f5e4                _wcsnrtombs_r
 .text.__utf8_wctomb
                0x000000000011f630       0xf0 /opt/devkitpro/devkitARM/bin/../lib/gcc/arm-none-eabi/12.2.0/../../../../arm-none-eabi/lib/armv6k/fpu/libg.a(lib_a-wctomb_r.o)
                0x000000000011f630                __utf8_wctomb
 .text.__assert_func
                0x000000000011f720       0x5c /opt/devkitpro/devkitARM/bin/../lib/gcc/arm-none-eabi/12.2.0/../../../../arm-none-eabi/lib/armv6k/fpu/libg.a(lib_a-assert.o)
                0x000000000011f720                __assert_func
 .text._calloc_r
                0x000000000011f77c       0xc0 /opt/devkitpro/devkitARM/bin/../lib/gcc/arm-none-eabi/12.2.0/../../../../arm-none-eabi/lib/armv6k/fpu/libg.a(lib_a-callocr.o)
                0x000000000011f77c                _calloc_r
 .text.fiprintf
                0x000000000011f83c       0x3c /opt/devkitpro/devkitARM/bin/../lib/gcc/arm-none-eabi/12.2.0/../../../../arm-none-eabi/lib/armv6k/fpu/libg.a(lib_a-fiprintf.o)
                0x000000000011f83c                fiprintf
 .text.rshift   0x000000000011f878       0xf0 /opt/devkitpro/devkitARM/bin/../lib/gcc/arm-none-eabi/12.2.0/../../../../arm-none-eabi/lib/armv6k/fpu/libg.a(lib_a-gdtoa-gethex.o)
 .text.__gethex
                0x000000000011f968      0x814 /opt/devkitpro/devkitARM/bin/../lib/gcc/arm-none-eabi/12.2.0/../../../../arm-none-eabi/lib/armv6k/fpu/libg.a(lib_a-gdtoa-gethex.o)
                0x000000000011f968                __gethex
 .text.__match  0x000000000012017c       0x4c /opt/devkitpro/devkitARM/bin/../lib/gcc/arm-none-eabi/12.2.0/../../../../arm-none-eabi/lib/armv6k/fpu/libg.a(lib_a-gdtoa-hexnan.o)
                0x000000000012017c                __match
 .text.__hexnan
                0x00000000001201c8      0x29c /opt/devkitpro/devkitARM/bin/../lib/gcc/arm-none-eabi/12.2.0/../../../../arm-none-eabi/lib/armv6k/fpu/libg.a(lib_a-gdtoa-hexnan.o)
                0x00000000001201c8                __hexnan
 .text.iswspace_l
                0x0000000000120464       0x3c /opt/devkitpro/devkitARM/bin/../lib/gcc/arm-none-eabi/12.2.0/../../../../arm-none-eabi/lib/armv6k/fpu/libg.a(lib_a-iswspace_l.o)
                0x0000000000120464                iswspace_l
 .text.__jp2uc  0x00000000001204a0      0x1d8 /opt/devkitpro/devkitARM/bin/../lib/gcc/arm-none-eabi/12.2.0/../../../../arm-none-eabi/lib/armv6k/fpu/libg.a(lib_a-jp2uc.o)
 .text._jp2uc_l
                0x0000000000120678       0x9c /opt/devkitpro/devkitARM/bin/../lib/gcc/arm-none-eabi/12.2.0/../../../../arm-none-eabi/lib/armv6k/fpu/libg.a(lib_a-jp2uc.o)
                0x0000000000120678                _jp2uc_l
 *fill*         0x0000000000120714        0x4 
 .text.nan      0x0000000000120718       0x10 /opt/devkitpro/devkitARM/bin/../lib/gcc/arm-none-eabi/12.2.0/../../../../arm-none-eabi/lib/armv6k/fpu/libg.a(lib_a-s_nan.o)
                0x0000000000120718                nan
 .text.abort    0x0000000000120728       0x14 /opt/devkitpro/devkitARM/bin/../lib/gcc/arm-none-eabi/12.2.0/../../../../arm-none-eabi/lib/armv6k/fpu/libg.a(lib_a-abort.o)
                0x0000000000120728                abort
 .text.category
                0x000000000012073c       0x8c /opt/devkitpro/devkitARM/bin/../lib/gcc/arm-none-eabi/12.2.0/../../../../arm-none-eabi/lib/armv6k/fpu/libg.a(lib_a-categories.o)
                0x000000000012073c                category
 .text._raise_r
                0x00000000001207c8       0x90 /opt/devkitpro/devkitARM/bin/../lib/gcc/arm-none-eabi/12.2.0/../../../../arm-none-eabi/lib/armv6k/fpu/libg.a(lib_a-signal.o)
                0x00000000001207c8                _raise_r
 .text.raise    0x0000000000120858       0x18 /opt/devkitpro/devkitARM/bin/../lib/gcc/arm-none-eabi/12.2.0/../../../../arm-none-eabi/lib/armv6k/fpu/libg.a(lib_a-signal.o)
                0x0000000000120858                raise
 .text.null_write
                0x0000000000120870        0x8 /opt/devkitpro/devkitARM/bin/../lib/gcc/arm-none-eabi/12.2.0/../../../../arm-none-eabi/lib/armv6k/fpu/libsysbase.a(iosupport.o)
 .text.setDefaultDevice
                0x0000000000120878       0x18 /opt/devkitpro/devkitARM/bin/../lib/gcc/arm-none-eabi/12.2.0/../../../../arm-none-eabi/lib/armv6k/fpu/libsysbase.a(iosupport.o)
                0x0000000000120878                setDefaultDevice
 .text.FindDevice
                0x0000000000120890       0xc8 /opt/devkitpro/devkitARM/bin/../lib/gcc/arm-none-eabi/12.2.0/../../../../arm-none-eabi/lib/armv6k/fpu/libsysbase.a(iosupport.o)
                0x0000000000120890                FindDevice
 .text.RemoveDevice
                0x0000000000120958       0x28 /opt/devkitpro/devkitARM/bin/../lib/gcc/arm-none-eabi/12.2.0/../../../../arm-none-eabi/lib/armv6k/fpu/libsysbase.a(iosupport.o)
                0x0000000000120958                RemoveDevice
 .text.AddDevice
                0x0000000000120980       0x9c /opt/devkitpro/devkitARM/bin/../lib/gcc/arm-none-eabi/12.2.0/../../../../arm-none-eabi/lib/armv6k/fpu/libsysbase.a(iosupport.o)
                0x0000000000120980                AddDevice
 .text.GetDeviceOpTab
                0x0000000000120a1c       0x20 /opt/devkitpro/devkitARM/bin/../lib/gcc/arm-none-eabi/12.2.0/../../../../arm-none-eabi/lib/armv6k/fpu/libsysbase.a(iosupport.o)
                0x0000000000120a1c                GetDeviceOpTab
 .text._fstat_r
                0x0000000000120a3c       0x78 /opt/devkitpro/devkitARM/bin/../lib/gcc/arm-none-eabi/12.2.0/../../../../arm-none-eabi/lib/armv6k/fpu/libsysbase.a(fstat.o)
                0x0000000000120a3c                _fstat_r
 .text._getpid_r
                0x0000000000120ab4       0x14 /opt/devkitpro/devkitARM/bin/../lib/gcc/arm-none-eabi/12.2.0/../../../../arm-none-eabi/lib/armv6k/fpu/libsysbase.a(getpid.o)
                0x0000000000120ab4                _getpid_r
 .text._isatty_r
                0x0000000000120ac8        0x8 /opt/devkitpro/devkitARM/bin/../lib/gcc/arm-none-eabi/12.2.0/../../../../arm-none-eabi/lib/armv6k/fpu/libsysbase.a(isatty.o)
                0x0000000000120ac8                _isatty_r
 .text._kill_r  0x0000000000120ad0       0x14 /opt/devkitpro/devkitARM/bin/../lib/gcc/arm-none-eabi/12.2.0/../../../../arm-none-eabi/lib/armv6k/fpu/libsysbase.a(kill.o)
                0x0000000000120ad0                _kill_r
 .text._lseek_r
                0x0000000000120ae4       0x84 /opt/devkitpro/devkitARM/bin/../lib/gcc/arm-none-eabi/12.2.0/../../../../arm-none-eabi/lib/armv6k/fpu/libsysbase.a(lseek.o)
                0x0000000000120ae4                _lseek_r
 .text._read_r  0x0000000000120b68       0x80 /opt/devkitpro/devkitARM/bin/../lib/gcc/arm-none-eabi/12.2.0/../../../../arm-none-eabi/lib/armv6k/fpu/libsysbase.a(read.o)
                0x0000000000120b68                _read_r
 .text._sbrk_r  0x0000000000120be8       0x78 /opt/devkitpro/devkitARM/bin/../lib/gcc/arm-none-eabi/12.2.0/../../../../arm-none-eabi/lib/armv6k/fpu/libsysbase.a(sbrk.o)
                0x0000000000120be8                _sbrk_r
 .text._write_r
                0x0000000000120c60       0x80 /opt/devkitpro/devkitARM/bin/../lib/gcc/arm-none-eabi/12.2.0/../../../../arm-none-eabi/lib/armv6k/fpu/libsysbase.a(write.o)
                0x0000000000120c60                _write_r
 .text._exit    0x0000000000120ce0       0x20 /opt/devkitpro/devkitARM/bin/../lib/gcc/arm-none-eabi/12.2.0/../../../../arm-none-eabi/lib/armv6k/fpu/libsysbase.a(_exit.o)
                0x0000000000120ce0                _exit
 .text._concatenate_path
                0x0000000000120d00      0x1a4 /opt/devkitpro/devkitARM/bin/../lib/gcc/arm-none-eabi/12.2.0/../../../../arm-none-eabi/lib/armv6k/fpu/libsysbase.a(chdir.o)
                0x0000000000120d00                _concatenate_path
 .text.chdir    0x0000000000120ea4      0x140 /opt/devkitpro/devkitARM/bin/../lib/gcc/arm-none-eabi/12.2.0/../../../../arm-none-eabi/lib/armv6k/fpu/libsysbase.a(chdir.o)
                0x0000000000120ea4                chdir
 .text.__flockfile
                0x0000000000120fe4        0x8 /opt/devkitpro/devkitARM/bin/../lib/gcc/arm-none-eabi/12.2.0/../../../../arm-none-eabi/lib/armv6k/fpu/libsysbase.a(flock.o)
                0x0000000000120fe4                __flockfile
 .text.__funlockfile
                0x0000000000120fec        0x8 /opt/devkitpro/devkitARM/bin/../lib/gcc/arm-none-eabi/12.2.0/../../../../arm-none-eabi/lib/armv6k/fpu/libsysbase.a(flock.o)
                0x0000000000120fec                __funlockfile
 .text.__get_handle
                0x0000000000120ff4       0x3c /opt/devkitpro/devkitARM/bin/../lib/gcc/arm-none-eabi/12.2.0/../../../../arm-none-eabi/lib/armv6k/fpu/libsysbase.a(handle_manager.o)
                0x0000000000120ff4                __get_handle
 .text._close_r
                0x0000000000121030       0xf4 /opt/devkitpro/devkitARM/bin/../lib/gcc/arm-none-eabi/12.2.0/../../../../arm-none-eabi/lib/armv6k/fpu/libsysbase.a(handle_manager.o)
                0x0000000000121030                _close_r
 .text.__getreent
                0x0000000000121124       0x2c /opt/devkitpro/devkitARM/bin/../lib/gcc/arm-none-eabi/12.2.0/../../../../arm-none-eabi/lib/armv6k/fpu/libsysbase.a(getreent.o)
                0x0000000000121124                __getreent
 .text.__libc_lock_acquire
                0x0000000000121150       0x1c /opt/devkitpro/devkitARM/bin/../lib/gcc/arm-none-eabi/12.2.0/../../../../arm-none-eabi/lib/armv6k/fpu/libsysbase.a(syscall_support.o)
                0x0000000000121150                __libc_lock_acquire
 .text.__libc_lock_release
                0x000000000012116c       0x1c /opt/devkitpro/devkitARM/bin/../lib/gcc/arm-none-eabi/12.2.0/../../../../arm-none-eabi/lib/armv6k/fpu/libsysbase.a(syscall_support.o)
                0x000000000012116c                __libc_lock_release
 .text.__libc_lock_init_recursive
                0x0000000000121188       0x1c /opt/devkitpro/devkitARM/bin/../lib/gcc/arm-none-eabi/12.2.0/../../../../arm-none-eabi/lib/armv6k/fpu/libsysbase.a(syscall_support.o)
                0x0000000000121188                __libc_lock_init_recursive
 .text.__libc_lock_acquire_recursive
                0x00000000001211a4       0x1c /opt/devkitpro/devkitARM/bin/../lib/gcc/arm-none-eabi/12.2.0/../../../../arm-none-eabi/lib/armv6k/fpu/libsysbase.a(syscall_support.o)
                0x00000000001211a4                __libc_lock_acquire_recursive
 .text.__libc_lock_release_recursive
                0x00000000001211c0       0x1c /opt/devkitpro/devkitARM/bin/../lib/gcc/arm-none-eabi/12.2.0/../../../../arm-none-eabi/lib/armv6k/fpu/libsysbase.a(syscall_support.o)
                0x00000000001211c0                __libc_lock_release_recursive
 .text.__libc_lock_close_recursive
                0x00000000001211dc       0x1c /opt/devkitpro/devkitARM/bin/../lib/gcc/arm-none-eabi/12.2.0/../../../../arm-none-eabi/lib/armv6k/fpu/libsysbase.a(syscall_support.o)
                0x00000000001211dc                __libc_lock_close_recursive
 .text.__fixdfdi
                0x00000000001211f8       0x38 /opt/devkitpro/devkitARM/bin/../lib/gcc/arm-none-eabi/12.2.0/armv6k/fpu/libgcc.a(_fixdfdi.o)
                0x00000000001211f8                __aeabi_d2lz
                0x00000000001211f8                __fixdfdi
 .text.__fixunsdfdi
                0x0000000000121230       0x40 /opt/devkitpro/devkitARM/bin/../lib/gcc/arm-none-eabi/12.2.0/armv6k/fpu/libgcc.a(_fixunsdfdi.o)
                0x0000000000121230                __aeabi_d2ulz
                0x0000000000121230                __fixunsdfdi
 .text.strrchr  0x0000000000121270       0x48 /opt/devkitpro/devkitARM/bin/../lib/gcc/arm-none-eabi/12.2.0/../../../../arm-none-eabi/lib/armv6k/fpu/libg.a(lib_a-strrchr.o)
                0x0000000000121270                strrchr
 *(.glue_7)
 .glue_7        0x00000000001212b8        0x0 linker stubs
 *(.glue_7t)
 .glue_7t       0x00000000001212b8        0x0 linker stubs
 *(.stub)
 *(.gnu.warning)
 *(.gnu.linkonce.t*)
                0x00000000001212b8                . = ALIGN (0x4)
 *(.fini)
 .fini          0x00000000001212b8        0xc /opt/devkitpro/devkitARM/bin/../lib/gcc/arm-none-eabi/12.2.0/armv6k/fpu/crti.o
                0x00000000001212b8                _fini
 .fini          0x00000000001212c4        0xc /opt/devkitpro/devkitARM/bin/../lib/gcc/arm-none-eabi/12.2.0/armv6k/fpu/crtn.o
                0x00000000001212d0                . = ALIGN (0x4)

.vfp11_veneer   0x00000000001212d0        0x0
 .vfp11_veneer  0x00000000001212d0        0x0 linker stubs

.v4_bx          0x00000000001212d0        0x0
 .v4_bx         0x00000000001212d0        0x0 linker stubs

.iplt           0x00000000001212d0        0x0
 .iplt          0x00000000001212d0        0x0 /opt/devkitpro/devkitARM/bin/../lib/gcc/arm-none-eabi/12.2.0/../../../../arm-none-eabi/lib/armv6k/fpu/3dsx_crt0.o
                0x0000000000122000                . = ALIGN (0x1000)

.rodata         0x0000000000122000     0x7d68
 *(.rodata)
 .rodata        0x0000000000122000        0x3 /opt/devkitpro/libctru/lib/libctru.a(apt.o)
 *fill*         0x0000000000122003        0x1 
 .rodata        0x0000000000122004        0xc /opt/devkitpro/libctru/lib/libctru.a(archive_dev.o)
 *(.roda)
 *(.rodata.*)
 .rodata.str1.4
                0x0000000000122010       0x7d irc_wrapper.o
 *fill*         0x000000000012208d        0x3 
 .rodata.str1.4
                0x0000000000122090       0x3a main.o
 *fill*         0x00000000001220ca        0x2 
 .rodata.parseColor.str1.4
                0x00000000001220cc       0x1b /opt/devkitpro/libctru/lib/libctru.a(console.o)
 *fill*         0x00000000001220e7        0x1 
 .rodata.con_write.str1.4
                0x00000000001220e8       0x4a /opt/devkitpro/libctru/lib/libctru.a(console.o)
 *fill*         0x0000000000122132        0x2 
 .rodata.str1.4
                0x0000000000122134       0x10 /opt/devkitpro/libctru/lib/libctru.a(console.o)
 .rodata.dotab_stdout
                0x0000000000122144       0x70 /opt/devkitpro/libctru/lib/libctru.a(console.o)
 .rodata.grayScale
                0x00000000001221b4       0x18 /opt/devkitpro/libctru/lib/libctru.a(console.o)
 .rodata.colorCube
                0x00000000001221cc        0x6 /opt/devkitpro/libctru/lib/libctru.a(console.o)
 *fill*         0x00000000001221d2        0x2 
 .rodata.colorTable
                0x00000000001221d4       0x30 /opt/devkitpro/libctru/lib/libctru.a(console.o)
 .rodata.iruInit.str1.4
                0x0000000000122204        0x5 /opt/devkitpro/libctru/lib/libctru.a(ir.o)
 *fill*         0x0000000000122209        0x3 
 .rodata.gspInit.str1.4
                0x000000000012220c        0x9 /opt/devkitpro/libctru/lib/libctru.a(gspgpu.o)
 *fill*         0x0000000000122215        0x3 
 .rodata.aptSendCommand.str1.4
                0x0000000000122218       0x16 /opt/devkitpro/libctru/lib/libctru.a(apt.o)
 *fill*         0x000000000012222e        0x2 
 .rodata.morton_y.2
                0x0000000000122230        0x8 /opt/devkitpro/libctru/lib/libctru.a(apt.o)
 .rodata.morton_x.3
                0x0000000000122238        0x8 /opt/devkitpro/libctru/lib/libctru.a(apt.o)
 .rodata.s_sleepWakeEvents.4
                0x0000000000122240        0x8 /opt/devkitpro/libctru/lib/libctru.a(apt.o)
 .rodata.hidInit.str1.4
                0x0000000000122248       0x15 /opt/devkitpro/libctru/lib/libctru.a(hid.o)
 *fill*         0x000000000012225d        0x3 
 .rodata.__system_initArgv.str1.4
                0x0000000000122260        0xa /opt/devkitpro/libctru/lib/libctru.a(initArgv.o)
 *fill*         0x000000000012226a        0x2 
 .rodata.default_font_bin
                0x000000000012226c      0x800 /opt/devkitpro/libctru/lib/libctru.a(default_font.bin.o)
                0x000000000012226c                default_font_bin
                0x0000000000122a6c                default_font_bin_end
 .rodata.srvInit.str1.4
                0x0000000000122a6c        0x5 /opt/devkitpro/libctru/lib/libctru.a(srv.o)
 *fill*         0x0000000000122a71        0x3 
 .rodata.irrstInit.str1.4
                0x0000000000122a74        0x7 /opt/devkitpro/libctru/lib/libctru.a(irrst.o)
 *fill*         0x0000000000122a7b        0x1 
 .rodata.ptmSysmInit.str1.4
                0x0000000000122a7c        0x9 /opt/devkitpro/libctru/lib/libctru.a(ptmsysm.o)
 *fill*         0x0000000000122a85        0x3 
 .rodata._archiveUnmountDeviceStruct.part.0.str1.4
                0x0000000000122a88        0x2 /opt/devkitpro/libctru/lib/libctru.a(archive_dev.o)
 *fill*         0x0000000000122a8a        0x2 
 .rodata._archiveMountDevice.str1.4
                0x0000000000122a8c        0x8 /opt/devkitpro/libctru/lib/libctru.a(archive_dev.o)
                                          0xc (size before relaxing)
 .rodata.archiveMountSdmc.str1.4
                0x0000000000122a94        0x5 /opt/devkitpro/libctru/lib/libctru.a(archive_dev.o)
 *fill*         0x0000000000122a99        0x3 
 .rodata.error_table
                0x0000000000122a9c       0x30 /opt/devkitpro/libctru/lib/libctru.a(archive_dev.o)
 .rodata.str1.4
                0x0000000000122acc        0x8 /opt/devkitpro/libctru/lib/libctru.a(archive_dev.o)
 .rodata.archive_devoptab
                0x0000000000122ad4       0x70 /opt/devkitpro/libctru/lib/libctru.a(archive_dev.o)
 .rodata.fsInit.str1.4
                0x0000000000122b44        0x8 /opt/devkitpro/libctru/lib/libctru.a(fs.o)
 .rodata._global_impure_ptr
                0x0000000000122b4c        0x4 /opt/devkitpro/devkitARM/bin/../lib/gcc/arm-none-eabi/12.2.0/../../../../arm-none-eabi/lib/armv6k/fpu/libg.a(lib_a-impure.o)
                0x0000000000122b4c                _global_impure_ptr
 .rodata._puts_r.str1.4
                0x0000000000122b50        0x2 /opt/devkitpro/devkitARM/bin/../lib/gcc/arm-none-eabi/12.2.0/../../../../arm-none-eabi/lib/armv6k/fpu/libg.a(lib_a-puts.o)
 .rodata.__ssvfscanf_r.str1.1
                0x0000000000122b50        0x5 /opt/devkitpro/devkitARM/bin/../lib/gcc/arm-none-eabi/12.2.0/../../../../arm-none-eabi/lib/armv6k/fpu/libg.a(lib_a-svfscanf.o)
                                          0x6 (size before relaxing)
 *fill*         0x0000000000122b55        0x3 
 .rodata.basefix.0
                0x0000000000122b58       0x22 /opt/devkitpro/devkitARM/bin/../lib/gcc/arm-none-eabi/12.2.0/../../../../arm-none-eabi/lib/armv6k/fpu/libg.a(lib_a-svfscanf.o)
 .rodata._vfprintf_r.str1.1
                0x0000000000122b7a       0x3b /opt/devkitpro/devkitARM/bin/../lib/gcc/arm-none-eabi/12.2.0/../../../../arm-none-eabi/lib/armv6k/fpu/libg.a(lib_a-vfprintf.o)
 *fill*         0x0000000000122bb5        0x3 
 .rodata.zeroes.0
                0x0000000000122bb8       0x10 /opt/devkitpro/devkitARM/bin/../lib/gcc/arm-none-eabi/12.2.0/../../../../arm-none-eabi/lib/armv6k/fpu/libg.a(lib_a-vfprintf.o)
 .rodata.blanks.1
                0x0000000000122bc8       0x10 /opt/devkitpro/devkitARM/bin/../lib/gcc/arm-none-eabi/12.2.0/../../../../arm-none-eabi/lib/armv6k/fpu/libg.a(lib_a-vfprintf.o)
 .rodata._ctype_
                0x0000000000122bd8      0x101 /opt/devkitpro/devkitARM/bin/../lib/gcc/arm-none-eabi/12.2.0/../../../../arm-none-eabi/lib/armv6k/fpu/libg.a(lib_a-ctype_.o)
                0x0000000000122bd8                _ctype_
 *fill*         0x0000000000122cd9        0x3 
 .rodata._dtoa_r.str1.4
                0x0000000000122cdc       0x70 /opt/devkitpro/devkitARM/bin/../lib/gcc/arm-none-eabi/12.2.0/../../../../arm-none-eabi/lib/armv6k/fpu/libg.a(lib_a-dtoa.o)
 .rodata.str1.4
                0x0000000000122d4c       0x48 /opt/devkitpro/devkitARM/bin/../lib/gcc/arm-none-eabi/12.2.0/../../../../arm-none-eabi/lib/armv6k/fpu/libg.a(lib_a-locale.o)
                                         0x4c (size before relaxing)
 .rodata._mbrtowc_r.str1.4
                0x0000000000122d94        0x1 /opt/devkitpro/devkitARM/bin/../lib/gcc/arm-none-eabi/12.2.0/../../../../arm-none-eabi/lib/armv6k/fpu/libg.a(lib_a-mbrtowc.o)
 .rodata.__multadd.str1.4
                0x0000000000122d94       0x49 /opt/devkitpro/devkitARM/bin/../lib/gcc/arm-none-eabi/12.2.0/../../../../arm-none-eabi/lib/armv6k/fpu/libg.a(lib_a-mprec.o)
                                         0x5d (size before relaxing)
 *fill*         0x0000000000122ddd        0x3 
 .rodata.p05.0  0x0000000000122de0        0xc /opt/devkitpro/devkitARM/bin/../lib/gcc/arm-none-eabi/12.2.0/../../../../arm-none-eabi/lib/armv6k/fpu/libg.a(lib_a-mprec.o)
 *fill*         0x0000000000122dec        0x4 
 .rodata.__mprec_bigtens
                0x0000000000122df0       0x28 /opt/devkitpro/devkitARM/bin/../lib/gcc/arm-none-eabi/12.2.0/../../../../arm-none-eabi/lib/armv6k/fpu/libg.a(lib_a-mprec.o)
                0x0000000000122df0                __mprec_bigtens
 .rodata.__mprec_tens
                0x0000000000122e18       0xc8 /opt/devkitpro/devkitARM/bin/../lib/gcc/arm-none-eabi/12.2.0/../../../../arm-none-eabi/lib/armv6k/fpu/libg.a(lib_a-mprec.o)
                0x0000000000122e18                __mprec_tens
 .rodata._strtod_l.str1.4
                0x0000000000122ee0        0xf /opt/devkitpro/devkitARM/bin/../lib/gcc/arm-none-eabi/12.2.0/../../../../arm-none-eabi/lib/armv6k/fpu/libg.a(lib_a-strtod.o)
                                         0x15 (size before relaxing)
 *fill*         0x0000000000122eef        0x1 
 .rodata.fpinan.0
                0x0000000000122ef0       0x14 /opt/devkitpro/devkitARM/bin/../lib/gcc/arm-none-eabi/12.2.0/../../../../arm-none-eabi/lib/armv6k/fpu/libg.a(lib_a-strtod.o)
 .rodata.fpi.1  0x0000000000122f04       0x14 /opt/devkitpro/devkitARM/bin/../lib/gcc/arm-none-eabi/12.2.0/../../../../arm-none-eabi/lib/armv6k/fpu/libg.a(lib_a-strtod.o)
 .rodata.tinytens
                0x0000000000122f18       0x28 /opt/devkitpro/devkitARM/bin/../lib/gcc/arm-none-eabi/12.2.0/../../../../arm-none-eabi/lib/armv6k/fpu/libg.a(lib_a-strtod.o)
 .rodata.__action_table
                0x0000000000122f40       0x6c /opt/devkitpro/devkitARM/bin/../lib/gcc/arm-none-eabi/12.2.0/../../../../arm-none-eabi/lib/armv6k/fpu/libg.a(lib_a-svfiprintf.o)
                0x0000000000122f40                __action_table
 .rodata.__state_table
                0x0000000000122fac       0x6c /opt/devkitpro/devkitARM/bin/../lib/gcc/arm-none-eabi/12.2.0/../../../../arm-none-eabi/lib/armv6k/fpu/libg.a(lib_a-svfiprintf.o)
                0x0000000000122fac                __state_table
 .rodata.__chclass
                0x0000000000123018      0x100 /opt/devkitpro/devkitARM/bin/../lib/gcc/arm-none-eabi/12.2.0/../../../../arm-none-eabi/lib/armv6k/fpu/libg.a(lib_a-svfiprintf.o)
                0x0000000000123018                __chclass
 .rodata._svfprintf_r.str1.1
                0x0000000000123118       0x3b /opt/devkitpro/devkitARM/bin/../lib/gcc/arm-none-eabi/12.2.0/../../../../arm-none-eabi/lib/armv6k/fpu/libg.a(lib_a-svfprintf.o)
 .rodata.zeroes.0
                0x0000000000123118       0x10 /opt/devkitpro/devkitARM/bin/../lib/gcc/arm-none-eabi/12.2.0/../../../../arm-none-eabi/lib/armv6k/fpu/libg.a(lib_a-svfprintf.o)
 .rodata.blanks.1
                0x0000000000123128       0x10 /opt/devkitpro/devkitARM/bin/../lib/gcc/arm-none-eabi/12.2.0/../../../../arm-none-eabi/lib/armv6k/fpu/libg.a(lib_a-svfprintf.o)
 .rodata._vfiprintf_r.str1.1
                0x0000000000123138       0x29 /opt/devkitpro/devkitARM/bin/../lib/gcc/arm-none-eabi/12.2.0/../../../../arm-none-eabi/lib/armv6k/fpu/libg.a(lib_a-vfiprintf.o)
 .rodata.zeroes.0
                0x0000000000123138       0x10 /opt/devkitpro/devkitARM/bin/../lib/gcc/arm-none-eabi/12.2.0/../../../../arm-none-eabi/lib/armv6k/fpu/libg.a(lib_a-vfiprintf.o)
 .rodata.blanks.1
                0x0000000000123148       0x10 /opt/devkitpro/devkitARM/bin/../lib/gcc/arm-none-eabi/12.2.0/../../../../arm-none-eabi/lib/armv6k/fpu/libg.a(lib_a-vfiprintf.o)
 .rodata.__assert_func.str1.4
                0x0000000000123158       0x3f /opt/devkitpro/devkitARM/bin/../lib/gcc/arm-none-eabi/12.2.0/../../../../arm-none-eabi/lib/armv6k/fpu/libg.a(lib_a-assert.o)
                                         0x43 (size before relaxing)
 *fill*         0x0000000000123197        0x1 
 .rodata.__gethex.str1.4
                0x0000000000123198       0x50 /opt/devkitpro/devkitARM/bin/../lib/gcc/arm-none-eabi/12.2.0/../../../../arm-none-eabi/lib/armv6k/fpu/libg.a(lib_a-gdtoa-gethex.o)